<?xml version="1.0" encoding="utf-8"?>
<TestRun id="663a6762-492e-4c35-bb3a-092d225191c4" name="Sina@DESKTOP-LVISFEN 2026-09-27 23:49:00" runUser="DESKTOP-LVISFEN\Sina" xmlns="http://microsoft.com/schemas/VisualStudio/TeamTest/2010">
  <Times creation="2026-09-27T23:49:00.6040127+03:30" queuing="2026-09-27T23:49:00.6040132+03:30" start="2026-09-27T23:48:58.0166741+03:30" finish="2026-09-27T23:50:33.5222700+03:30" />
  <TestSettings name="default" id="c83cd1ce-9d1d-47d8-9352-0d2edfecc910">
    <Deployment runDeploymentRoot="Sina_DESKTOP-LVISFEN_2026-09-27_23_49_00" />
  </TestSettings>
  <Results>
    <UnitTestResult executionId="8928d89c-d1b3-4406-a6fa-599d1c5a9306" testId="4e269068-4fdb-0bdb-fb4a-87357a15f6d1" testName="Engine.IntegrationTests.CloudHandshakeSocketTests.ABroadcastMessageFromTheCloudIsDisplayed" computerName="DESKTOP-LVISFEN" duration="00:00:00.8874726" startTime="2026-09-27T23:48:59.5970559+03:30" endTime="2026-09-27T23:49:00.5043608+03:30" testType="13cdc9d9-ddb5-4fa4-a97d-d965ccfc6d4b" outcome="Passed" testListId="8c84fa94-04c1-424b-9868-57a2d4851a1d" relativeResultsDirectory="8928d89c-d1b3-4406-a6fa-599d1c5a9306" />
    <UnitTestResult executionId="abd8f0c6-b825-42c4-8b8e-7676b2afa93f" testId="5c8106ed-744b-ff01-56ac-481a73ebac08" testName="Engine.IntegrationTests.CloudHandshakeSocketTests.AFailedAuthRevalidationDropsTheSession" computerName="DESKTOP-LVISFEN" duration="00:00:00.4177134" startTime="2026-09-27T23:50:01.3201955+03:30" endTime="2026-09-27T23:50:01.7343409+03:30" testType="13cdc9d9-ddb5-4fa4-a97d-d965ccfc6d4b" outcome="Passed" testListId="8c84fa94-04c1-424b-9868-57a2d4851a1d" relativeResultsDirectory="abd8f0c6-b825-42c4-8b8e-7676b2afa93f" />
    <UnitTestResult executionId="bbc02c46-9d18-4102-824b-f41919ca76ba" testId="d2bb8e59-0f5f-af88-f0e5-2df58cb18412" testName="Engine.IntegrationTests.CloudHandshakeSocketTests.ACommandDeliveredInAHeartbeatResponseKeepsItsOwnCorrelationId" computerName="DESKTOP-LVISFEN" duration="00:00:30.4337222" startTime="2026-09-27T23:49:30.8948382+03:30" endTime="2026-09-27T23:50:01.3156943+03:30" testType="13cdc9d9-ddb5-4fa4-a97d-d965ccfc6d4b" outcome="Failed" testListId="8c84fa94-04c1-424b-9868-57a2d4851a1d" relativeResultsDirectory="bbc02c46-9d18-4102-824b-f41919ca76ba">
      <Output>
        <ErrorInfo>
          <Message>System.TimeoutException : The Engine never completed the handshake within 30s. Frames received: []. Connected: False. Engine log:&#xD;
The Engine connected.&#xD;
Received the Auth frame.&#xD;
Received the Heartbeat frame.&#xD;
The Engine disconnected.&#xD;
The Engine connected.&#xD;
Received the Auth frame.&#xD;
Received the Heartbeat frame.&#xD;
The Engine disconnected.&#xD;
The Engine connected.&#xD;
Received the Auth frame.&#xD;
Received the Heartbeat frame.&#xD;
The Engine disconnected.&#xD;
The Engine connected.&#xD;
Received the Auth frame.&#xD;
Received the Heartbeat frame.&#xD;
The Engine disconnected.&#xD;
The Engine connected.&#xD;
Received the Auth frame.&#xD;
Received the Heartbeat frame.&#xD;
The Engine disconnected.&#xD;
The Engine connected.&#xD;
Received the Auth frame.&#xD;
Received the Heartbeat frame.&#xD;
The Engine disconnected.&#xD;
The Engine connected.&#xD;
Received the Auth frame.&#xD;
Received the Heartbeat frame.&#xD;
The Engine disconnected.&#xD;
The Engine connected.&#xD;
Received the Auth frame.&#xD;
Received the Heartbeat frame.&#xD;
The Engine disconnected.&#xD;
The Engine connected.&#xD;
Received the Auth frame.&#xD;
Received the Heartbeat frame.&#xD;
The Engine disconnected.&#xD;
The Engine connected.&#xD;
Received the Auth frame.&#xD;
Received the Heartbeat frame.&#xD;
The Engine disconnected.&#xD;
The Engine connected.&#xD;
Received the Auth frame.&#xD;
Received the Heartbeat frame.&#xD;
The Engine disconnected.&#xD;
The Engine connected.&#xD;
Received the Auth frame.&#xD;
Received the Heartbeat frame.&#xD;
The Engine disconnected.&#xD;
The Engine connected.&#xD;
Received the Auth frame.&#xD;
Received the Heartbeat frame.&#xD;
The Engine disconnected.&#xD;
The Engine connected.&#xD;
Received the Auth frame.&#xD;
Received the Heartbeat frame.&#xD;
The Engine disconnected.&#xD;
The Engine connected.&#xD;
Received the Auth frame.&#xD;
Received the Heartbeat frame.&#xD;
The Engine disconnected.&#xD;
The Engine connected.&#xD;
Received the Auth frame.&#xD;
Received the Heartbeat frame.&#xD;
The Engine disconnected.&#xD;
The Engine connected.&#xD;
Received the Auth frame.&#xD;
Received the Heartbeat frame.&#xD;
The Engine disconnected.&#xD;
The Engine connected.&#xD;
Received the Auth frame.&#xD;
Received the Heartbeat frame.&#xD;
The Engine disconnected.&#xD;
The Engine connected.&#xD;
Received the Auth frame.&#xD;
Received the Heartbeat frame.&#xD;
The Engine disconnected.&#xD;
The Engine connected.&#xD;
Received the Auth frame.&#xD;
Received the Heartbeat frame.&#xD;
The Engine disconnected.&#xD;
The Engine connected.&#xD;
Received the Auth frame.&#xD;
Received the Heartbeat frame.&#xD;
The Engine disconnected.&#xD;
The Engine connected.&#xD;
Received the Auth frame.&#xD;
Received the Heartbeat frame.&#xD;
The Engine disconnected.&#xD;
The Engine connected.&#xD;
Received the Auth frame.&#xD;
Received the Heartbeat frame.&#xD;
The Engine disconnected.&#xD;
The Engine connected.&#xD;
Received the Auth frame.&#xD;
Received the Heartbeat frame.&#xD;
The Engine disconnected.&#xD;
The Engine connected.&#xD;
Received the Auth frame.&#xD;
Received the Heartbeat frame.&#xD;
The Engine disconnected.&#xD;
The Engine connected.&#xD;
Received the Auth frame.&#xD;
Received the Heartbeat frame.&#xD;
The Engine disconnected.</Message>
          <StackTrace>   at Engine.IntegrationTests.TestSupport.SimulatedCloudServer.WaitForHandshakeAsync(Nullable`1 timeout) in D:\Work\Projects\BleedingOnTheEdge\.qwen\tmp\wt-26\core\tests\Engine.IntegrationTests\TestSupport\SimulatedCloudServer.cs:line 128&#xD;
   at Engine.IntegrationTests.CloudHandshakeSocketTests.ACommandDeliveredInAHeartbeatResponseKeepsItsOwnCorrelationId() in D:\Work\Projects\BleedingOnTheEdge\.qwen\tmp\wt-26\core\tests\Engine.IntegrationTests\CloudHandshakeSocketTests.cs:line 109&#xD;
   at Engine.IntegrationTests.CloudHandshakeSocketTests.ACommandDeliveredInAHeartbeatResponseKeepsItsOwnCorrelationId() in D:\Work\Projects\BleedingOnTheEdge\.qwen\tmp\wt-26\core\tests\Engine.IntegrationTests\CloudHandshakeSocketTests.cs:line 141&#xD;
--- End of stack trace from previous location ---</StackTrace>
        </ErrorInfo>
      </Output>
    </UnitTestResult>
    <UnitTestResult executionId="0c7b9513-ced2-4643-81cd-d380cb0425d4" testId="e09d3c33-2639-de83-63b9-0c2b142bab07" testName="Engine.IntegrationTests.CloudHandshakeSocketTests.ATopLevelCommandIsDispatchedWithTheCorrelationIdOfItsEnvelope" computerName="DESKTOP-LVISFEN" duration="00:00:00.4151154" startTime="2026-09-27T23:50:01.7350143+03:30" endTime="2026-09-27T23:50:02.1498638+03:30" testType="13cdc9d9-ddb5-4fa4-a97d-d965ccfc6d4b" outcome="Passed" testListId="8c84fa94-04c1-424b-9868-57a2d4851a1d" relativeResultsDirectory="0c7b9513-ced2-4643-81cd-d380cb0425d4" />
    <UnitTestResult executionId="81309fe5-8eb3-4231-bd2f-5612e749e8f4" testId="6be494f5-b67c-3dd9-477f-4418be4da783" testName="Engine.IntegrationTests.CloudHandshakeSocketTests.ABinaryTransferFromTheCloudIsAcceptedAcknowledgedAndStored" computerName="DESKTOP-LVISFEN" duration="00:00:30.3659096" startTime="2026-09-27T23:49:00.5631832+03:30" endTime="2026-09-27T23:49:30.8819634+03:30" testType="13cdc9d9-ddb5-4fa4-a97d-d965ccfc6d4b" outcome="Failed" testListId="8c84fa94-04c1-424b-9868-57a2d4851a1d" relativeResultsDirectory="81309fe5-8eb3-4231-bd2f-5612e749e8f4">
      <Output>
        <ErrorInfo>
          <Message>System.TimeoutException : The Engine never completed the handshake within 30s. Frames received: []. Connected: True. Engine log:&#xD;
The Engine connected.&#xD;
Received the Auth frame.&#xD;
Received the Heartbeat frame.&#xD;
The Engine disconnected.&#xD;
The Engine connected.&#xD;
Received the Auth frame.&#xD;
Received the Heartbeat frame.&#xD;
The Engine disconnected.&#xD;
The Engine connected.&#xD;
Received the Auth frame.&#xD;
Received the Heartbeat frame.&#xD;
The Engine disconnected.&#xD;
The Engine connected.&#xD;
Received the Auth frame.&#xD;
Received the Heartbeat frame.&#xD;
The Engine disconnected.&#xD;
The Engine connected.&#xD;
Received the Auth frame.&#xD;
Received the Heartbeat frame.&#xD;
The Engine disconnected.&#xD;
The Engine connected.&#xD;
Received the Auth frame.&#xD;
Received the Heartbeat frame.&#xD;
The Engine disconnected.&#xD;
The Engine connected.&#xD;
Received the Auth frame.&#xD;
Received the Heartbeat frame.&#xD;
The Engine disconnected.&#xD;
The Engine connected.&#xD;
Received the Auth frame.&#xD;
Received the Heartbeat frame.&#xD;
The Engine disconnected.&#xD;
The Engine connected.&#xD;
Received the Auth frame.&#xD;
Received the Heartbeat frame.&#xD;
The Engine disconnected.&#xD;
The Engine connected.&#xD;
Received the Auth frame.&#xD;
Received the Heartbeat frame.&#xD;
The Engine disconnected.&#xD;
The Engine connected.&#xD;
Received the Auth frame.&#xD;
Received the Heartbeat frame.&#xD;
The Engine disconnected.&#xD;
The Engine connected.&#xD;
Received the Auth frame.&#xD;
Received the Heartbeat frame.&#xD;
The Engine disconnected.&#xD;
The Engine connected.&#xD;
Received the Auth frame.&#xD;
Received the Heartbeat frame.&#xD;
The Engine disconnected.&#xD;
The Engine connected.&#xD;
Received the Auth frame.&#xD;
Received the Heartbeat frame.&#xD;
The Engine disconnected.&#xD;
The Engine connected.&#xD;
Received the Auth frame.&#xD;
Received the Heartbeat frame.&#xD;
The Engine disconnected.&#xD;
The Engine connected.&#xD;
Received the Auth frame.&#xD;
Received the Heartbeat frame.&#xD;
The Engine disconnected.&#xD;
The Engine connected.&#xD;
Received the Auth frame.&#xD;
Received the Heartbeat frame.&#xD;
The Engine disconnected.&#xD;
The Engine connected.&#xD;
Received the Auth frame.&#xD;
Received the Heartbeat frame.&#xD;
The Engine disconnected.&#xD;
The Engine connected.&#xD;
Received the Auth frame.&#xD;
Received the Heartbeat frame.&#xD;
The Engine disconnected.&#xD;
The Engine connected.&#xD;
Received the Auth frame.&#xD;
Received the Heartbeat frame.&#xD;
The Engine disconnected.&#xD;
The Engine connected.&#xD;
Received the Auth frame.&#xD;
Received the Heartbeat frame.&#xD;
The Engine disconnected.&#xD;
The Engine connected.&#xD;
Received the Auth frame.&#xD;
Received the Heartbeat frame.&#xD;
The Engine disconnected.&#xD;
The Engine connected.&#xD;
Received the Auth frame.&#xD;
Received the Heartbeat frame.&#xD;
The Engine disconnected.&#xD;
The Engine connected.&#xD;
Received the Auth frame.&#xD;
Received the Heartbeat frame.&#xD;
The Engine disconnected.&#xD;
The Engine connected.&#xD;
Received the Auth frame.&#xD;
Received the Heartbeat frame.&#xD;
The Engine disconnected.&#xD;
The Engine connected.&#xD;
Received the Auth frame.&#xD;
Received the Heartbeat frame.&#xD;
The Engine disconnected.&#xD;
The Engine connected.&#xD;
Received the Auth frame.</Message>
          <StackTrace>   at Engine.IntegrationTests.TestSupport.SimulatedCloudServer.WaitForHandshakeAsync(Nullable`1 timeout) in D:\Work\Projects\BleedingOnTheEdge\.qwen\tmp\wt-26\core\tests\Engine.IntegrationTests\TestSupport\SimulatedCloudServer.cs:line 128&#xD;
   at Engine.IntegrationTests.CloudHandshakeSocketTests.ABinaryTransferFromTheCloudIsAcceptedAcknowledgedAndStored() in D:\Work\Projects\BleedingOnTheEdge\.qwen\tmp\wt-26\core\tests\Engine.IntegrationTests\CloudHandshakeSocketTests.cs:line 219&#xD;
   at Engine.IntegrationTests.CloudHandshakeSocketTests.ABinaryTransferFromTheCloudIsAcceptedAcknowledgedAndStored() in D:\Work\Projects\BleedingOnTheEdge\.qwen\tmp\wt-26\core\tests\Engine.IntegrationTests\CloudHandshakeSocketTests.cs:line 271&#xD;
--- End of stack trace from previous location ---</StackTrace>
        </ErrorInfo>
      </Output>
    </UnitTestResult>
    <UnitTestResult executionId="b25f2ad3-a304-4985-a434-ac14d69a0576" testId="d38e01e3-5609-623a-390a-dac99288ed4f" testName="Engine.IntegrationTests.CloudHandshakeSocketTests.AHeartbeatResponseAskingForALockDispatchesAnEmergencyStop" computerName="DESKTOP-LVISFEN" duration="00:00:00.4771184" startTime="2026-09-27T23:50:02.1500576+03:30" endTime="2026-09-27T23:50:02.6275254+03:30" testType="13cdc9d9-ddb5-4fa4-a97d-d965ccfc6d4b" outcome="Passed" testListId="8c84fa94-04c1-424b-9868-57a2d4851a1d" relativeResultsDirectory="b25f2ad3-a304-4985-a434-ac14d69a0576" />
    <UnitTestResult executionId="868c58a9-f1f2-4768-9ce6-d343aed9bbbd" testId="02c31334-04c2-2b92-7fdd-995f2ca5f5ba" testName="Engine.IntegrationTests.CloudHandshakeSocketTests.TheHandshakeCompletesAndTheEngineAdoptsTheSessionIdentifier" computerName="DESKTOP-LVISFEN" duration="00:00:00.4215009" startTime="2026-09-27T23:50:02.6277965+03:30" endTime="2026-09-27T23:50:03.0495413+03:30" testType="13cdc9d9-ddb5-4fa4-a97d-d965ccfc6d4b" outcome="Passed" testListId="8c84fa94-04c1-424b-9868-57a2d4851a1d" relativeResultsDirectory="868c58a9-f1f2-4768-9ce6-d343aed9bbbd" />
    <UnitTestResult executionId="923bdc9e-f032-47d7-bd31-a04d95bddfcf" testId="4f516b9c-8c51-3770-3044-f2fc87cc04b6" testName="Engine.IntegrationTests.CloudHandshakeSocketTests.ASelfUpdateOfferInAHeartbeatResponseReachesTheSelfUpdateManager" computerName="DESKTOP-LVISFEN" duration="00:00:30.3653296" startTime="2026-09-27T23:50:03.0497515+03:30" endTime="2026-09-27T23:50:33.4156770+03:30" testType="13cdc9d9-ddb5-4fa4-a97d-d965ccfc6d4b" outcome="Failed" testListId="8c84fa94-04c1-424b-9868-57a2d4851a1d" relativeResultsDirectory="923bdc9e-f032-47d7-bd31-a04d95bddfcf">
      <Output>
        <ErrorInfo>
          <Message>System.TimeoutException : The Engine never completed the handshake within 30s. Frames received: []. Connected: False. Engine log:&#xD;
The Engine connected.&#xD;
Received the Auth frame.&#xD;
Received the Heartbeat frame.&#xD;
The Engine disconnected.&#xD;
The Engine connected.&#xD;
Received the Auth frame.&#xD;
Received the Heartbeat frame.&#xD;
The Engine disconnected.&#xD;
The Engine connected.&#xD;
Received the Auth frame.&#xD;
Received the Heartbeat frame.&#xD;
The Engine disconnected.&#xD;
The Engine connected.&#xD;
Received the Auth frame.&#xD;
Received the Heartbeat frame.&#xD;
The Engine disconnected.&#xD;
The Engine connected.&#xD;
Received the Auth frame.&#xD;
Received the Heartbeat frame.&#xD;
The Engine disconnected.&#xD;
The Engine connected.&#xD;
Received the Auth frame.&#xD;
Received the Heartbeat frame.&#xD;
The Engine disconnected.&#xD;
The Engine connected.&#xD;
Received the Auth frame.&#xD;
Received the Heartbeat frame.&#xD;
The Engine disconnected.&#xD;
The Engine connected.&#xD;
Received the Auth frame.&#xD;
Received the Heartbeat frame.&#xD;
The Engine disconnected.&#xD;
The Engine connected.&#xD;
Received the Auth frame.&#xD;
Received the Heartbeat frame.&#xD;
The Engine disconnected.&#xD;
The Engine connected.&#xD;
Received the Auth frame.&#xD;
Received the Heartbeat frame.&#xD;
The Engine disconnected.&#xD;
The Engine connected.&#xD;
Received the Auth frame.&#xD;
Received the Heartbeat frame.&#xD;
The Engine disconnected.&#xD;
The Engine connected.&#xD;
Received the Auth frame.&#xD;
Received the Heartbeat frame.&#xD;
The Engine disconnected.&#xD;
The Engine connected.&#xD;
Received the Auth frame.&#xD;
Received the Heartbeat frame.&#xD;
The Engine disconnected.&#xD;
The Engine connected.&#xD;
Received the Auth frame.&#xD;
Received the Heartbeat frame.&#xD;
The Engine disconnected.&#xD;
The Engine connected.&#xD;
Received the Auth frame.&#xD;
Received the Heartbeat frame.&#xD;
The Engine disconnected.&#xD;
The Engine connected.&#xD;
Received the Auth frame.&#xD;
Received the Heartbeat frame.&#xD;
The Engine disconnected.&#xD;
The Engine connected.&#xD;
Received the Auth frame.&#xD;
Received the Heartbeat frame.&#xD;
The Engine disconnected.&#xD;
The Engine connected.&#xD;
Received the Auth frame.&#xD;
Received the Heartbeat frame.&#xD;
The Engine disconnected.&#xD;
The Engine connected.&#xD;
Received the Auth frame.&#xD;
Received the Heartbeat frame.&#xD;
The Engine disconnected.&#xD;
The Engine connected.&#xD;
Received the Auth frame.&#xD;
Received the Heartbeat frame.&#xD;
The Engine disconnected.&#xD;
The Engine connected.&#xD;
Received the Auth frame.&#xD;
Received the Heartbeat frame.&#xD;
The Engine disconnected.&#xD;
The Engine connected.&#xD;
Received the Auth frame.&#xD;
Received the Heartbeat frame.&#xD;
The Engine disconnected.&#xD;
The Engine connected.&#xD;
Received the Auth frame.&#xD;
Received the Heartbeat frame.&#xD;
The Engine disconnected.&#xD;
The Engine connected.&#xD;
Received the Auth frame.&#xD;
Received the Heartbeat frame.&#xD;
The Engine disconnected.&#xD;
The Engine connected.&#xD;
Received the Auth frame.&#xD;
Received the Heartbeat frame.&#xD;
The Engine disconnected.&#xD;
The Engine connected.&#xD;
Received the Auth frame.&#xD;
Received the Heartbeat frame.&#xD;
The Engine disconnected.&#xD;
The Engine connected.&#xD;
Received the Auth frame.&#xD;
Received the Heartbeat frame.&#xD;
The Engine disconnected.&#xD;
The Engine connected.&#xD;
Received the Auth frame.&#xD;
Received the Heartbeat frame.&#xD;
The Engine disconnected.</Message>
          <StackTrace>   at Engine.IntegrationTests.TestSupport.SimulatedCloudServer.WaitForHandshakeAsync(Nullable`1 timeout) in D:\Work\Projects\BleedingOnTheEdge\.qwen\tmp\wt-26\core\tests\Engine.IntegrationTests\TestSupport\SimulatedCloudServer.cs:line 128&#xD;
   at Engine.IntegrationTests.CloudHandshakeSocketTests.ASelfUpdateOfferInAHeartbeatResponseReachesTheSelfUpdateManager() in D:\Work\Projects\BleedingOnTheEdge\.qwen\tmp\wt-26\core\tests\Engine.IntegrationTests\CloudHandshakeSocketTests.cs:line 193&#xD;
   at Engine.IntegrationTests.CloudHandshakeSocketTests.ASelfUpdateOfferInAHeartbeatResponseReachesTheSelfUpdateManager() in D:\Work\Projects\BleedingOnTheEdge\.qwen\tmp\wt-26\core\tests\Engine.IntegrationTests\CloudHandshakeSocketTests.cs:line 212&#xD;
--- End of stack trace from previous location ---</StackTrace>
        </ErrorInfo>
      </Output>
    </UnitTestResult>
  </Results>
  <TestDefinitions>
    <UnitTest name="Engine.IntegrationTests.CloudHandshakeSocketTests.ASelfUpdateOfferInAHeartbeatResponseReachesTheSelfUpdateManager" storage="d:\work\projects\bleedingontheedge\.qwen\tmp\wt-26\core\tests\engine.integrationtests\bin\release\net10.0\engine.integrationtests.dll" id="4f516b9c-8c51-3770-3044-f2fc87cc04b6">
      <Execution id="923bdc9e-f032-47d7-bd31-a04d95bddfcf" />
      <TestMethod codeBase="D:\Work\Projects\BleedingOnTheEdge\.qwen\tmp\wt-26\core\tests\Engine.IntegrationTests\bin\Release\net10.0\Engine.IntegrationTests.dll" adapterTypeName="executor://xunit/VsTestRunner3/netcore/" className="Engine.IntegrationTests.CloudHandshakeSocketTests" name="ASelfUpdateOfferInAHeartbeatResponseReachesTheSelfUpdateManager" />
    </UnitTest>
    <UnitTest name="Engine.IntegrationTests.CloudHandshakeSocketTests.ACommandDeliveredInAHeartbeatResponseKeepsItsOwnCorrelationId" storage="d:\work\projects\bleedingontheedge\.qwen\tmp\wt-26\core\tests\engine.integrationtests\bin\release\net10.0\engine.integrationtests.dll" id="d2bb8e59-0f5f-af88-f0e5-2df58cb18412">
      <Execution id="bbc02c46-9d18-4102-824b-f41919ca76ba" />
      <TestMethod codeBase="D:\Work\Projects\BleedingOnTheEdge\.qwen\tmp\wt-26\core\tests\Engine.IntegrationTests\bin\Release\net10.0\Engine.IntegrationTests.dll" adapterTypeName="executor://xunit/VsTestRunner3/netcore/" className="Engine.IntegrationTests.CloudHandshakeSocketTests" name="ACommandDeliveredInAHeartbeatResponseKeepsItsOwnCorrelationId" />
    </UnitTest>
    <UnitTest name="Engine.IntegrationTests.CloudHandshakeSocketTests.ABinaryTransferFromTheCloudIsAcceptedAcknowledgedAndStored" storage="d:\work\projects\bleedingontheedge\.qwen\tmp\wt-26\core\tests\engine.integrationtests\bin\release\net10.0\engine.integrationtests.dll" id="6be494f5-b67c-3dd9-477f-4418be4da783">
      <Execution id="81309fe5-8eb3-4231-bd2f-5612e749e8f4" />
      <TestMethod codeBase="D:\Work\Projects\BleedingOnTheEdge\.qwen\tmp\wt-26\core\tests\Engine.IntegrationTests\bin\Release\net10.0\Engine.IntegrationTests.dll" adapterTypeName="executor://xunit/VsTestRunner3/netcore/" className="Engine.IntegrationTests.CloudHandshakeSocketTests" name="ABinaryTransferFromTheCloudIsAcceptedAcknowledgedAndStored" />
    </UnitTest>
    <UnitTest name="Engine.IntegrationTests.CloudHandshakeSocketTests.AHeartbeatResponseAskingForALockDispatchesAnEmergencyStop" storage="d:\work\projects\bleedingontheedge\.qwen\tmp\wt-26\core\tests\engine.integrationtests\bin\release\net10.0\engine.integrationtests.dll" id="d38e01e3-5609-623a-390a-dac99288ed4f">
      <Execution id="b25f2ad3-a304-4985-a434-ac14d69a0576" />
      <TestMethod codeBase="D:\Work\Projects\BleedingOnTheEdge\.qwen\tmp\wt-26\core\tests\Engine.IntegrationTests\bin\Release\net10.0\Engine.IntegrationTests.dll" adapterTypeName="executor://xunit/VsTestRunner3/netcore/" className="Engine.IntegrationTests.CloudHandshakeSocketTests" name="AHeartbeatResponseAskingForALockDispatchesAnEmergencyStop" />
    </UnitTest>
    <UnitTest name="Engine.IntegrationTests.CloudHandshakeSocketTests.ATopLevelCommandIsDispatchedWithTheCorrelationIdOfItsEnvelope" storage="d:\work\projects\bleedingontheedge\.qwen\tmp\wt-26\core\tests\engine.integrationtests\bin\release\net10.0\engine.integrationtests.dll" id="e09d3c33-2639-de83-63b9-0c2b142bab07">
      <Execution id="0c7b9513-ced2-4643-81cd-d380cb0425d4" />
      <TestMethod codeBase="D:\Work\Projects\BleedingOnTheEdge\.qwen\tmp\wt-26\core\tests\Engine.IntegrationTests\bin\Release\net10.0\Engine.IntegrationTests.dll" adapterTypeName="executor://xunit/VsTestRunner3/netcore/" className="Engine.IntegrationTests.CloudHandshakeSocketTests" name="ATopLevelCommandIsDispatchedWithTheCorrelationIdOfItsEnvelope" />
    </UnitTest>
    <UnitTest name="Engine.IntegrationTests.CloudHandshakeSocketTests.AFailedAuthRevalidationDropsTheSession" storage="d:\work\projects\bleedingontheedge\.qwen\tmp\wt-26\core\tests\engine.integrationtests\bin\release\net10.0\engine.integrationtests.dll" id="5c8106ed-744b-ff01-56ac-481a73ebac08">
      <Execution id="abd8f0c6-b825-42c4-8b8e-7676b2afa93f" />
      <TestMethod codeBase="D:\Work\Projects\BleedingOnTheEdge\.qwen\tmp\wt-26\core\tests\Engine.IntegrationTests\bin\Release\net10.0\Engine.IntegrationTests.dll" adapterTypeName="executor://xunit/VsTestRunner3/netcore/" className="Engine.IntegrationTests.CloudHandshakeSocketTests" name="AFailedAuthRevalidationDropsTheSession" />
    </UnitTest>
    <UnitTest name="Engine.IntegrationTests.CloudHandshakeSocketTests.TheHandshakeCompletesAndTheEngineAdoptsTheSessionIdentifier" storage="d:\work\projects\bleedingontheedge\.qwen\tmp\wt-26\core\tests\engine.integrationtests\bin\release\net10.0\engine.integrationtests.dll" id="02c31334-04c2-2b92-7fdd-995f2ca5f5ba">
      <Execution id="868c58a9-f1f2-4768-9ce6-d343aed9bbbd" />
      <TestMethod codeBase="D:\Work\Projects\BleedingOnTheEdge\.qwen\tmp\wt-26\core\tests\Engine.IntegrationTests\bin\Release\net10.0\Engine.IntegrationTests.dll" adapterTypeName="executor://xunit/VsTestRunner3/netcore/" className="Engine.IntegrationTests.CloudHandshakeSocketTests" name="TheHandshakeCompletesAndTheEngineAdoptsTheSessionIdentifier" />
    </UnitTest>
    <UnitTest name="Engine.IntegrationTests.CloudHandshakeSocketTests.ABroadcastMessageFromTheCloudIsDisplayed" storage="d:\work\projects\bleedingontheedge\.qwen\tmp\wt-26\core\tests\engine.integrationtests\bin\release\net10.0\engine.integrationtests.dll" id="4e269068-4fdb-0bdb-fb4a-87357a15f6d1">
      <Execution id="8928d89c-d1b3-4406-a6fa-599d1c5a9306" />
      <TestMethod codeBase="D:\Work\Projects\BleedingOnTheEdge\.qwen\tmp\wt-26\core\tests\Engine.IntegrationTests\bin\Release\net10.0\Engine.IntegrationTests.dll" adapterTypeName="executor://xunit/VsTestRunner3/netcore/" className="Engine.IntegrationTests.CloudHandshakeSocketTests" name="ABroadcastMessageFromTheCloudIsDisplayed" />
    </UnitTest>
  </TestDefinitions>
  <TestEntries>
    <TestEntry testId="4e269068-4fdb-0bdb-fb4a-87357a15f6d1" executionId="8928d89c-d1b3-4406-a6fa-599d1c5a9306" testListId="8c84fa94-04c1-424b-9868-57a2d4851a1d" />
    <TestEntry testId="5c8106ed-744b-ff01-56ac-481a73ebac08" executionId="abd8f0c6-b825-42c4-8b8e-7676b2afa93f" testListId="8c84fa94-04c1-424b-9868-57a2d4851a1d" />
    <TestEntry testId="d2bb8e59-0f5f-af88-f0e5-2df58cb18412" executionId="bbc02c46-9d18-4102-824b-f41919ca76ba" testListId="8c84fa94-04c1-424b-9868-57a2d4851a1d" />
    <TestEntry testId="e09d3c33-2639-de83-63b9-0c2b142bab07" executionId="0c7b9513-ced2-4643-81cd-d380cb0425d4" testListId="8c84fa94-04c1-424b-9868-57a2d4851a1d" />
    <TestEntry testId="6be494f5-b67c-3dd9-477f-4418be4da783" executionId="81309fe5-8eb3-4231-bd2f-5612e749e8f4" testListId="8c84fa94-04c1-424b-9868-57a2d4851a1d" />
    <TestEntry testId="d38e01e3-5609-623a-390a-dac99288ed4f" executionId="b25f2ad3-a304-4985-a434-ac14d69a0576" testListId="8c84fa94-04c1-424b-9868-57a2d4851a1d" />
    <TestEntry testId="02c31334-04c2-2b92-7fdd-995f2ca5f5ba" executionId="868c58a9-f1f2-4768-9ce6-d343aed9bbbd" testListId="8c84fa94-04c1-424b-9868-57a2d4851a1d" />
    <TestEntry testId="4f516b9c-8c51-3770-3044-f2fc87cc04b6" executionId="923bdc9e-f032-47d7-bd31-a04d95bddfcf" testListId="8c84fa94-04c1-424b-9868-57a2d4851a1d" />
  </TestEntries>
  <TestLists>
    <TestList name="Results Not in a List" id="8c84fa94-04c1-424b-9868-57a2d4851a1d" />
    <TestList name="All Loaded Results" id="19431567-8539-422a-85d7-44ee4e166bda" />
  </TestLists>
  <ResultSummary outcome="Failed">
    <Counters total="8" executed="8" passed="5" failed="3" error="0" timeout="0" aborted="0" inconclusive="0" passedButRunAborted="0" notRunnable="0" notExecuted="0" disconnected="0" warning="0" completed="0" inProgress="0" pending="0" />
    <Output>
      <StdOut>[xUnit.net 00:00:00.01] xUnit.net VSTest Adapter v3.1.5+1b188a7b0a (64-bit .NET 10.0.8)&#xD;
[xUnit.net 00:00:00.22]   Discovering: Engine.IntegrationTests&#xD;
[xUnit.net 00:00:00.31]   Discovered:  Engine.IntegrationTests&#xD;
[xUnit.net 00:00:00.37]   Starting:    Engine.IntegrationTests&#xD;
Cloud connector starting.&#xD;
Connecting to ws://127.0.0.1:56543/engine...&#xD;
Connected to ws://127.0.0.1:56543/engine.&#xD;
Authenticating with cloud...&#xD;
Authenticated. Session ID: 027f7964-471b-4a79-ab85-8b33a37cd67e&#xD;
Receive loop ended.&#xD;
Connecting to ws://127.0.0.1:56543/engine...&#xD;
Connected to ws://127.0.0.1:56543/engine.&#xD;
Authenticating with cloud...&#xD;
Authenticated. Session ID: 027f7964-471b-4a79-ab85-8b33a37cd67e&#xD;
Connecting to ws://127.0.0.1:56543/engine...&#xD;
Receive loop ended.&#xD;
Connected to ws://127.0.0.1:56543/engine.&#xD;
Authenticating with cloud...&#xD;
Authenticated. Session ID: f9586141-e92b-4e0c-be5e-dd4393c23d11&#xD;
Receive loop ended.&#xD;
Connecting to ws://127.0.0.1:56543/engine...&#xD;
Connected to ws://127.0.0.1:56543/engine.&#xD;
Authenticating with cloud...&#xD;
Authenticated. Session ID: cdc97919-60f7-4521-971c-eb10fdaf6db5&#xD;
Connecting to ws://127.0.0.1:56543/engine...&#xD;
Receive loop ended.&#xD;
Connected to ws://127.0.0.1:56543/engine.&#xD;
Authenticating with cloud...&#xD;
Authenticated. Session ID: dde73ffa-3b48-4208-9a45-1f8f18ffbb27&#xD;
Receive loop ended.&#xD;
Connecting to ws://127.0.0.1:56543/engine...&#xD;
Connected to ws://127.0.0.1:56543/engine.&#xD;
Authenticating with cloud...&#xD;
Authenticated. Session ID: cfe819cc-c3a1-45b8-99d5-a7779a933f1d&#xD;
Receive loop ended.&#xD;
Connecting to ws://127.0.0.1:56543/engine...&#xD;
Connected to ws://127.0.0.1:56543/engine.&#xD;
Authenticating with cloud...&#xD;
Authenticated. Session ID: 0ff21c46-dce8-4123-bf5d-d5481a01049d&#xD;
Receive loop ended.&#xD;
Connecting to ws://127.0.0.1:56543/engine...&#xD;
Connected to ws://127.0.0.1:56543/engine.&#xD;
Authenticating with cloud...&#xD;
Authenticated. Session ID: 296affbd-e1a6-4bfc-8e22-3224978074a8&#xD;
Receive loop ended.&#xD;
Connecting to ws://127.0.0.1:56543/engine...&#xD;
Connected to ws://127.0.0.1:56543/engine.&#xD;
Authenticating with cloud...&#xD;
Authenticated. Session ID: 6635a483-5f53-4322-91d3-c461a0c430a0&#xD;
Receive loop ended.&#xD;
Connecting to ws://127.0.0.1:56543/engine...&#xD;
Connected to ws://127.0.0.1:56543/engine.&#xD;
Authenticating with cloud...&#xD;
Authenticated. Session ID: a8362351-e3c4-475c-8110-c222e3e6ed0d&#xD;
Receive loop ended.&#xD;
Connecting to ws://127.0.0.1:56543/engine...&#xD;
Connected to ws://127.0.0.1:56543/engine.&#xD;
Authenticating with cloud...&#xD;
Authenticated. Session ID: b2ef3c3a-6455-49bf-9e44-6ad97f3267d2&#xD;
Receive loop ended.&#xD;
Connecting to ws://127.0.0.1:56543/engine...&#xD;
Connected to ws://127.0.0.1:56543/engine.&#xD;
Authenticating with cloud...&#xD;
Authenticated. Session ID: 1e1e5fd8-88fe-409e-8d1c-65f40023a2d7&#xD;
Receive loop ended.&#xD;
Connecting to ws://127.0.0.1:56543/engine...&#xD;
Connected to ws://127.0.0.1:56543/engine.&#xD;
Authenticating with cloud...&#xD;
Authenticated. Session ID: 33cbf1c9-729d-437b-8832-53e0f506bb9d&#xD;
Connecting to ws://127.0.0.1:56543/engine...&#xD;
Receive loop ended.&#xD;
Connected to ws://127.0.0.1:56543/engine.&#xD;
Authenticating with cloud...&#xD;
Authenticated. Session ID: ef7b8737-efe9-440e-926f-a7688bbb1117&#xD;
Connecting to ws://127.0.0.1:56543/engine...&#xD;
Receive loop ended.&#xD;
Connected to ws://127.0.0.1:56543/engine.&#xD;
Authenticating with cloud...&#xD;
Authenticated. Session ID: 1cf8496a-1f1c-407d-95ed-ef2d255f4a59&#xD;
Receive loop ended.&#xD;
Connecting to ws://127.0.0.1:56543/engine...&#xD;
Connected to ws://127.0.0.1:56543/engine.&#xD;
Authenticating with cloud...&#xD;
Authenticated. Session ID: 490f628d-7744-4c76-90d6-d0b39c941526&#xD;
Receive loop ended.&#xD;
Connecting to ws://127.0.0.1:56543/engine...&#xD;
Connected to ws://127.0.0.1:56543/engine.&#xD;
Authenticating with cloud...&#xD;
Authenticated. Session ID: 77241394-2900-40a7-9120-ae2fb68120b1&#xD;
Receive loop ended.&#xD;
Connecting to ws://127.0.0.1:56543/engine...&#xD;
Connected to ws://127.0.0.1:56543/engine.&#xD;
Authenticating with cloud...&#xD;
Authenticated. Session ID: a159893b-1848-404a-a8eb-8e17dc12b16f&#xD;
Receive loop ended.&#xD;
Connecting to ws://127.0.0.1:56543/engine...&#xD;
Connected to ws://127.0.0.1:56543/engine.&#xD;
Authenticating with cloud...&#xD;
Authenticated. Session ID: 5355e84a-48e0-4f09-bf70-4454f0e4f799&#xD;
Receive loop ended.&#xD;
Connecting to ws://127.0.0.1:56543/engine...&#xD;
Connected to ws://127.0.0.1:56543/engine.&#xD;
Authenticating with cloud...&#xD;
Authenticated. Session ID: fe225604-13fc-4214-b082-cec4e6cecdd5&#xD;
Receive loop ended.&#xD;
Connecting to ws://127.0.0.1:56543/engine...&#xD;
Connected to ws://127.0.0.1:56543/engine.&#xD;
Authenticating with cloud...&#xD;
Authenticated. Session ID: 86e37153-0028-4c7c-be95-a3194f99f8f0&#xD;
Receive loop ended.&#xD;
Connecting to ws://127.0.0.1:56543/engine...&#xD;
Connected to ws://127.0.0.1:56543/engine.&#xD;
Authenticating with cloud...&#xD;
Authenticated. Session ID: 88a12584-1aaf-455a-86a0-00b785046b5f&#xD;
Receive loop ended.&#xD;
Connecting to ws://127.0.0.1:56543/engine...&#xD;
Connected to ws://127.0.0.1:56543/engine.&#xD;
Authenticating with cloud...&#xD;
Authenticated. Session ID: 3704c01b-23c9-4f18-89eb-f1f36f1b301e&#xD;
Receive loop ended.&#xD;
Connecting to ws://127.0.0.1:56543/engine...&#xD;
Connected to ws://127.0.0.1:56543/engine.&#xD;
Authenticating with cloud...&#xD;
Authenticated. Session ID: 289d2901-b67b-457a-b2e0-443995f23a43&#xD;
Receive loop ended.&#xD;
Connecting to ws://127.0.0.1:56543/engine...&#xD;
Connected to ws://127.0.0.1:56543/engine.&#xD;
Authenticating with cloud...&#xD;
Authenticated. Session ID: 0103bf42-7635-4182-966d-c852558a3ad5&#xD;
Receive loop ended.&#xD;
Connecting to ws://127.0.0.1:56543/engine...&#xD;
Connected to ws://127.0.0.1:56543/engine.&#xD;
Authenticating with cloud...&#xD;
Authenticated. Session ID: a1c76e3b-ce99-4477-a5de-74a99d69cf6c&#xD;
Connecting to ws://127.0.0.1:56543/engine...&#xD;
Receive loop ended.&#xD;
Connected to ws://127.0.0.1:56543/engine.&#xD;
Authenticating with cloud...&#xD;
Authenticated. Session ID: b2d39c2b-d556-4637-848c-c422f23763f9&#xD;
Receive loop ended.&#xD;
Disconnected from cloud.&#xD;
[xUnit.net 00:00:31.71]       System.TimeoutException : The Engine never completed the handshake within 30s. Frames received: []. Connected: True. Engine log:&#xD;
[xUnit.net 00:00:31.71]       The Engine connected.&#xD;
[xUnit.net 00:00:31.71]       Received the Auth frame.&#xD;
[xUnit.net 00:00:31.71]       Received the Heartbeat frame.&#xD;
[xUnit.net 00:00:31.71]       The Engine disconnected.&#xD;
[xUnit.net 00:00:31.71]       The Engine connected.&#xD;
[xUnit.net 00:00:31.71]       Received the Auth frame.&#xD;
[xUnit.net 00:00:31.71]       Received the Heartbeat frame.&#xD;
[xUnit.net 00:00:31.71]       The Engine disconnected.&#xD;
[xUnit.net 00:00:31.71]       The Engine connected.&#xD;
[xUnit.net 00:00:31.71]       Received the Auth frame.&#xD;
[xUnit.net 00:00:31.71]       Received the Heartbeat frame.&#xD;
[xUnit.net 00:00:31.71]       The Engine disconnected.&#xD;
[xUnit.net 00:00:31.71]       The Engine connected.&#xD;
[xUnit.net 00:00:31.71]       Received the Auth frame.&#xD;
[xUnit.net 00:00:31.71]       Received the Heartbeat frame.&#xD;
[xUnit.net 00:00:31.71]       The Engine disconnected.&#xD;
[xUnit.net 00:00:31.71]       The Engine connected.&#xD;
[xUnit.net 00:00:31.71]       Received the Auth frame.&#xD;
[xUnit.net 00:00:31.71]       Received the Heartbeat frame.&#xD;
[xUnit.net 00:00:31.71]       The Engine disconnected.&#xD;
[xUnit.net 00:00:31.71]       The Engine connected.&#xD;
[xUnit.net 00:00:31.71]       Received the Auth frame.&#xD;
[xUnit.net 00:00:31.71]       Received the Heartbeat frame.&#xD;
[xUnit.net 00:00:31.71]       The Engine disconnected.&#xD;
[xUnit.net 00:00:31.71]       The Engine connected.&#xD;
[xUnit.net 00:00:31.71]       Received the Auth frame.&#xD;
[xUnit.net 00:00:31.71]       Received the Heartbeat frame.&#xD;
[xUnit.net 00:00:31.71]       The Engine disconnected.&#xD;
[xUnit.net 00:00:31.71]       The Engine connected.&#xD;
[xUnit.net 00:00:31.71]       Received the Auth frame.&#xD;
[xUnit.net 00:00:31.71]       Received the Heartbeat frame.&#xD;
[xUnit.net 00:00:31.71]       The Engine disconnected.&#xD;
[xUnit.net 00:00:31.71]       The Engine connected.&#xD;
[xUnit.net 00:00:31.71]       Received the Auth frame.&#xD;
[xUnit.net 00:00:31.71]       Received the Heartbeat frame.&#xD;
[xUnit.net 00:00:31.71]       The Engine disconnected.&#xD;
[xUnit.net 00:00:31.71]       The Engine connected.&#xD;
[xUnit.net 00:00:31.71]       Received the Auth frame.&#xD;
[xUnit.net 00:00:31.71]       Received the Heartbeat frame.&#xD;
[xUnit.net 00:00:31.71]       The Engine disconnected.&#xD;
[xUnit.net 00:00:31.71]       The Engine connected.&#xD;
[xUnit.net 00:00:31.71]       Received the Auth frame.&#xD;
[xUnit.net 00:00:31.71]       Received the Heartbeat frame.&#xD;
[xUnit.net 00:00:31.71]       The Engine disconnected.&#xD;
[xUnit.net 00:00:31.71]       The Engine connected.&#xD;
[xUnit.net 00:00:31.71]       Received the Auth frame.&#xD;
[xUnit.net 00:00:31.71]       Received the Heartbeat frame.&#xD;
[xUnit.net 00:00:31.71]       The Engine disconnected.&#xD;
[xUnit.net 00:00:31.71]       The Engine connected.&#xD;
[xUnit.net 00:00:31.71]       Received the Auth frame.&#xD;
[xUnit.net 00:00:31.71]       Received the Heartbeat frame.&#xD;
[xUnit.net 00:00:31.71]       The Engine disconnected.&#xD;
[xUnit.net 00:00:31.71]       The Engine connected.&#xD;
[xUnit.net 00:00:31.71]       Received the Auth frame.&#xD;
[xUnit.net 00:00:31.71]       Received the Heartbeat frame.&#xD;
[xUnit.net 00:00:31.71]       The Engine disconnected.&#xD;
[xUnit.net 00:00:31.71]       The Engine connected.&#xD;
[xUnit.net 00:00:31.71]       Received the Auth frame.&#xD;
[xUnit.net 00:00:31.71]       Received the Heartbeat frame.&#xD;
[xUnit.net 00:00:31.71]       The Engine disconnected.&#xD;
[xUnit.net 00:00:31.71]       The Engine connected.&#xD;
[xUnit.net 00:00:31.71]       Received the Auth frame.&#xD;
[xUnit.net 00:00:31.71]       Received the Heartbeat frame.&#xD;
[xUnit.net 00:00:31.71]       The Engine disconnected.&#xD;
[xUnit.net 00:00:31.71]       The Engine connected.&#xD;
[xUnit.net 00:00:31.71]       Received the Auth frame.&#xD;
[xUnit.net 00:00:31.71]       Received the Heartbeat frame.&#xD;
[xUnit.net 00:00:31.71]       The Engine disconnected.&#xD;
[xUnit.net 00:00:31.71]       The Engine connected.&#xD;
[xUnit.net 00:00:31.71]       Received the Auth frame.&#xD;
[xUnit.net 00:00:31.71]       Received the Heartbeat frame.&#xD;
[xUnit.net 00:00:31.71]       The Engine disconnected.&#xD;
[xUnit.net 00:00:31.71]       The Engine connected.&#xD;
[xUnit.net 00:00:31.71]       Received the Auth frame.&#xD;
[xUnit.net 00:00:31.71]       Received the Heartbeat frame.&#xD;
[xUnit.net 00:00:31.71]       The Engine disconnected.&#xD;
[xUnit.net 00:00:31.71]       The Engine connected.&#xD;
[xUnit.net 00:00:31.71]       Received the Auth frame.&#xD;
[xUnit.net 00:00:31.71]       Received the Heartbeat frame.&#xD;
[xUnit.net 00:00:31.71]       The Engine disconnected.&#xD;
[xUnit.net 00:00:31.71]       The Engine connected.&#xD;
[xUnit.net 00:00:31.71]       Received the Auth frame.&#xD;
[xUnit.net 00:00:31.71]       Received the Heartbeat frame.&#xD;
[xUnit.net 00:00:31.71]       The Engine disconnected.&#xD;
[xUnit.net 00:00:31.71]       The Engine connected.&#xD;
[xUnit.net 00:00:31.71]       Received the Auth frame.&#xD;
[xUnit.net 00:00:31.71]       Received the Heartbeat frame.&#xD;
[xUnit.net 00:00:31.71]       The Engine disconnected.&#xD;
[xUnit.net 00:00:31.71]       The Engine connected.&#xD;
[xUnit.net 00:00:31.71]       Received the Auth frame.&#xD;
[xUnit.net 00:00:31.71]       Received the Heartbeat frame.&#xD;
[xUnit.net 00:00:31.71]       The Engine disconnected.&#xD;
[xUnit.net 00:00:31.71]       The Engine connected.&#xD;
[xUnit.net 00:00:31.71]       Received the Auth frame.&#xD;
[xUnit.net 00:00:31.71]       Received the Heartbeat frame.&#xD;
[xUnit.net 00:00:31.71]       The Engine disconnected.&#xD;
[xUnit.net 00:00:31.71]       The Engine connected.&#xD;
[xUnit.net 00:00:31.71]       Received the Auth frame.&#xD;
[xUnit.net 00:00:31.71]       Received the Heartbeat frame.&#xD;
[xUnit.net 00:00:31.71]       The Engine disconnected.&#xD;
[xUnit.net 00:00:31.71]       The Engine connected.&#xD;
[xUnit.net 00:00:31.71]       Received the Auth frame.&#xD;
[xUnit.net 00:00:31.71]       Received the Heartbeat frame.&#xD;
[xUnit.net 00:00:31.71]       The Engine disconnected.&#xD;
[xUnit.net 00:00:31.71]       The Engine connected.&#xD;
[xUnit.net 00:00:31.71]       Received the Auth frame.&#xD;
[xUnit.net 00:00:31.71]       Stack Trace:&#xD;
[xUnit.net 00:00:31.71]         D:\Work\Projects\BleedingOnTheEdge\.qwen\tmp\wt-26\core\tests\Engine.IntegrationTests\TestSupport\SimulatedCloudServer.cs(128,0): at Engine.IntegrationTests.TestSupport.SimulatedCloudServer.WaitForHandshakeAsync(Nullable`1 timeout)&#xD;
[xUnit.net 00:00:31.71]         D:\Work\Projects\BleedingOnTheEdge\.qwen\tmp\wt-26\core\tests\Engine.IntegrationTests\CloudHandshakeSocketTests.cs(219,0): at Engine.IntegrationTests.CloudHandshakeSocketTests.ABinaryTransferFromTheCloudIsAcceptedAcknowledgedAndStored()&#xD;
[xUnit.net 00:00:31.71]         D:\Work\Projects\BleedingOnTheEdge\.qwen\tmp\wt-26\core\tests\Engine.IntegrationTests\CloudHandshakeSocketTests.cs(271,0): at Engine.IntegrationTests.CloudHandshakeSocketTests.ABinaryTransferFromTheCloudIsAcceptedAcknowledgedAndStored()&#xD;
[xUnit.net 00:00:31.71]         --- End of stack trace from previous location ---&#xD;
Cloud connector starting.&#xD;
Connecting to ws://127.0.0.1:54110/engine...&#xD;
Connected to ws://127.0.0.1:54110/engine.&#xD;
Authenticating with cloud...&#xD;
Authenticated. Session ID: 1d8d7810-5988-4458-8775-aeb8a2ee1462&#xD;
Receive loop ended.&#xD;
Connecting to ws://127.0.0.1:54110/engine...&#xD;
Connected to ws://127.0.0.1:54110/engine.&#xD;
Authenticating with cloud...&#xD;
Authenticated. Session ID: 1d8d7810-5988-4458-8775-aeb8a2ee1462&#xD;
Receive loop ended.&#xD;
Connecting to ws://127.0.0.1:54110/engine...&#xD;
Connected to ws://127.0.0.1:54110/engine.&#xD;
Authenticating with cloud...&#xD;
Authenticated. Session ID: 34dc19e4-ad8e-4289-89dc-f285ae677f75&#xD;
Receive loop ended.&#xD;
Connecting to ws://127.0.0.1:54110/engine...&#xD;
Connected to ws://127.0.0.1:54110/engine.&#xD;
Authenticating with cloud...&#xD;
Authenticated. Session ID: ea9a1703-40e1-44b0-ac9a-a6d29a8bd2ee&#xD;
Receive loop ended.&#xD;
Connecting to ws://127.0.0.1:54110/engine...&#xD;
Connected to ws://127.0.0.1:54110/engine.&#xD;
Authenticating with cloud...&#xD;
Authenticated. Session ID: 38ff1f2a-d6fd-427d-9971-2f5f79d0b42a&#xD;
Receive loop ended.&#xD;
Connecting to ws://127.0.0.1:54110/engine...&#xD;
Connected to ws://127.0.0.1:54110/engine.&#xD;
Authenticating with cloud...&#xD;
Authenticated. Session ID: 2509555f-11d2-4fde-a48c-a29478a379f8&#xD;
Receive loop ended.&#xD;
Connecting to ws://127.0.0.1:54110/engine...&#xD;
Connected to ws://127.0.0.1:54110/engine.&#xD;
Authenticating with cloud...&#xD;
Authenticated. Session ID: ce2516e5-67e7-4a8d-ad83-a69d0c46c4d3&#xD;
Receive loop ended.&#xD;
Connecting to ws://127.0.0.1:54110/engine...&#xD;
Connected to ws://127.0.0.1:54110/engine.&#xD;
Authenticating with cloud...&#xD;
Authenticated. Session ID: 54c12a24-697c-4ca4-851f-06fea085047e&#xD;
Receive loop ended.&#xD;
Connecting to ws://127.0.0.1:54110/engine...&#xD;
Connected to ws://127.0.0.1:54110/engine.&#xD;
Authenticating with cloud...&#xD;
Authenticated. Session ID: b6262857-10f6-439d-87bd-7f58bac4ad44&#xD;
Receive loop ended.&#xD;
Connecting to ws://127.0.0.1:54110/engine...&#xD;
Connected to ws://127.0.0.1:54110/engine.&#xD;
Authenticating with cloud...&#xD;
Authenticated. Session ID: 355212fa-83ae-493c-96d6-7c22659d6591&#xD;
Receive loop ended.&#xD;
Connecting to ws://127.0.0.1:54110/engine...&#xD;
Connected to ws://127.0.0.1:54110/engine.&#xD;
Authenticating with cloud...&#xD;
Authenticated. Session ID: 2a61417f-0308-4f2a-9d42-5e797b076c6b&#xD;
Receive loop ended.&#xD;
Connecting to ws://127.0.0.1:54110/engine...&#xD;
Connected to ws://127.0.0.1:54110/engine.&#xD;
Authenticating with cloud...&#xD;
Authenticated. Session ID: eba5c7b8-7371-49a2-9b0e-cf63b8a78fc4&#xD;
Receive loop ended.&#xD;
Connecting to ws://127.0.0.1:54110/engine...&#xD;
Connected to ws://127.0.0.1:54110/engine.&#xD;
Authenticating with cloud...&#xD;
Authenticated. Session ID: b93aee19-dba6-4152-a29b-11e6b81a673f&#xD;
Receive loop ended.&#xD;
Connecting to ws://127.0.0.1:54110/engine...&#xD;
Connected to ws://127.0.0.1:54110/engine.&#xD;
Authenticating with cloud...&#xD;
Authenticated. Session ID: 3425a491-6d9d-4938-b4bb-b1016e3601c3&#xD;
Receive loop ended.&#xD;
Connecting to ws://127.0.0.1:54110/engine...&#xD;
Connected to ws://127.0.0.1:54110/engine.&#xD;
Authenticating with cloud...&#xD;
Authenticated. Session ID: 343763cd-2ef4-4a02-bc73-1ec5f3bcbb9c&#xD;
Receive loop ended.&#xD;
Connecting to ws://127.0.0.1:54110/engine...&#xD;
Connected to ws://127.0.0.1:54110/engine.&#xD;
Authenticating with cloud...&#xD;
Authenticated. Session ID: 7a700ea7-3f95-48ff-93d5-6f8b38b9945e&#xD;
Receive loop ended.&#xD;
Connecting to ws://127.0.0.1:54110/engine...&#xD;
Connected to ws://127.0.0.1:54110/engine.&#xD;
Authenticating with cloud...&#xD;
Authenticated. Session ID: 384bd346-c5d8-4e3c-a642-b5e86036624b&#xD;
Receive loop ended.&#xD;
Connecting to ws://127.0.0.1:54110/engine...&#xD;
Connected to ws://127.0.0.1:54110/engine.&#xD;
Authenticating with cloud...&#xD;
Authenticated. Session ID: 652185cf-510b-40d4-a9be-969ab90c1d77&#xD;
Receive loop ended.&#xD;
Connecting to ws://127.0.0.1:54110/engine...&#xD;
Connected to ws://127.0.0.1:54110/engine.&#xD;
Authenticating with cloud...&#xD;
Authenticated. Session ID: 2c307c85-6312-4c63-b85a-e918f330a21c&#xD;
Receive loop ended.&#xD;
Connecting to ws://127.0.0.1:54110/engine...&#xD;
Connected to ws://127.0.0.1:54110/engine.&#xD;
Authenticating with cloud...&#xD;
Authenticated. Session ID: 699e09b0-bfc2-4ee8-b77a-5d5aa5ac6767&#xD;
Receive loop ended.&#xD;
Connecting to ws://127.0.0.1:54110/engine...&#xD;
Connected to ws://127.0.0.1:54110/engine.&#xD;
Authenticating with cloud...&#xD;
Authenticated. Session ID: ee7ac891-3b82-4036-b684-b495f20e6927&#xD;
Receive loop ended.&#xD;
Connecting to ws://127.0.0.1:54110/engine...&#xD;
Connected to ws://127.0.0.1:54110/engine.&#xD;
Authenticating with cloud...&#xD;
Authenticated. Session ID: c0d2bfe5-8444-4071-9025-455b758f03d2&#xD;
Receive loop ended.&#xD;
Connecting to ws://127.0.0.1:54110/engine...&#xD;
Connected to ws://127.0.0.1:54110/engine.&#xD;
Authenticating with cloud...&#xD;
Authenticated. Session ID: 160b7b6a-8a00-4535-9ad6-ecd456989cec&#xD;
Receive loop ended.&#xD;
Connecting to ws://127.0.0.1:54110/engine...&#xD;
Connected to ws://127.0.0.1:54110/engine.&#xD;
Authenticating with cloud...&#xD;
Authenticated. Session ID: ad998652-a138-4953-adb1-c447158d8546&#xD;
Receive loop ended.&#xD;
Connecting to ws://127.0.0.1:54110/engine...&#xD;
Connected to ws://127.0.0.1:54110/engine.&#xD;
Authenticating with cloud...&#xD;
Authenticated. Session ID: c7c558df-3bba-4a28-9f5f-8b8cf3f9d9b4&#xD;
Receive loop ended.&#xD;
Connecting to ws://127.0.0.1:54110/engine...&#xD;
Connected to ws://127.0.0.1:54110/engine.&#xD;
Authenticating with cloud...&#xD;
Authenticated. Session ID: a725eefe-54fb-48c9-aef6-e68e428a4eb9&#xD;
Disconnected from cloud.&#xD;
[xUnit.net 00:01:02.14]       System.TimeoutException : The Engine never completed the handshake within 30s. Frames received: []. Connected: False. Engine log:&#xD;
[xUnit.net 00:01:02.14]       The Engine connected.&#xD;
[xUnit.net 00:01:02.14]       Received the Auth frame.&#xD;
[xUnit.net 00:01:02.14]       Received the Heartbeat frame.&#xD;
[xUnit.net 00:01:02.14]       The Engine disconnected.&#xD;
[xUnit.net 00:01:02.14]       The Engine connected.&#xD;
[xUnit.net 00:01:02.14]       Received the Auth frame.&#xD;
[xUnit.net 00:01:02.14]       Received the Heartbeat frame.&#xD;
[xUnit.net 00:01:02.14]       The Engine disconnected.&#xD;
[xUnit.net 00:01:02.14]       The Engine connected.&#xD;
[xUnit.net 00:01:02.14]       Received the Auth frame.&#xD;
[xUnit.net 00:01:02.14]       Received the Heartbeat frame.&#xD;
[xUnit.net 00:01:02.14]       The Engine disconnected.&#xD;
[xUnit.net 00:01:02.14]       The Engine connected.&#xD;
[xUnit.net 00:01:02.14]       Received the Auth frame.&#xD;
[xUnit.net 00:01:02.14]       Received the Heartbeat frame.&#xD;
[xUnit.net 00:01:02.14]       The Engine disconnected.&#xD;
[xUnit.net 00:01:02.14]       The Engine connected.&#xD;
[xUnit.net 00:01:02.14]       Received the Auth frame.&#xD;
[xUnit.net 00:01:02.14]       Received the Heartbeat frame.&#xD;
[xUnit.net 00:01:02.14]       The Engine disconnected.&#xD;
[xUnit.net 00:01:02.14]       The Engine connected.&#xD;
[xUnit.net 00:01:02.14]       Received the Auth frame.&#xD;
[xUnit.net 00:01:02.14]       Received the Heartbeat frame.&#xD;
[xUnit.net 00:01:02.14]       The Engine disconnected.&#xD;
[xUnit.net 00:01:02.14]       The Engine connected.&#xD;
[xUnit.net 00:01:02.14]       Received the Auth frame.&#xD;
[xUnit.net 00:01:02.14]       Received the Heartbeat frame.&#xD;
[xUnit.net 00:01:02.14]       The Engine disconnected.&#xD;
[xUnit.net 00:01:02.14]       The Engine connected.&#xD;
[xUnit.net 00:01:02.14]       Received the Auth frame.&#xD;
[xUnit.net 00:01:02.14]       Received the Heartbeat frame.&#xD;
[xUnit.net 00:01:02.14]       The Engine disconnected.&#xD;
[xUnit.net 00:01:02.14]       The Engine connected.&#xD;
[xUnit.net 00:01:02.14]       Received the Auth frame.&#xD;
[xUnit.net 00:01:02.14]       Received the Heartbeat frame.&#xD;
[xUnit.net 00:01:02.14]       The Engine disconnected.&#xD;
[xUnit.net 00:01:02.14]       The Engine connected.&#xD;
[xUnit.net 00:01:02.14]       Received the Auth frame.&#xD;
[xUnit.net 00:01:02.14]       Received the Heartbeat frame.&#xD;
[xUnit.net 00:01:02.14]       The Engine disconnected.&#xD;
[xUnit.net 00:01:02.14]       The Engine connected.&#xD;
[xUnit.net 00:01:02.14]       Received the Auth frame.&#xD;
[xUnit.net 00:01:02.14]       Received the Heartbeat frame.&#xD;
[xUnit.net 00:01:02.14]       The Engine disconnected.&#xD;
[xUnit.net 00:01:02.14]       The Engine connected.&#xD;
[xUnit.net 00:01:02.14]       Received the Auth frame.&#xD;
[xUnit.net 00:01:02.14]       Received the Heartbeat frame.&#xD;
[xUnit.net 00:01:02.14]       The Engine disconnected.&#xD;
[xUnit.net 00:01:02.14]       The Engine connected.&#xD;
[xUnit.net 00:01:02.14]       Received the Auth frame.&#xD;
[xUnit.net 00:01:02.14]       Received the Heartbeat frame.&#xD;
[xUnit.net 00:01:02.14]       The Engine disconnected.&#xD;
[xUnit.net 00:01:02.14]       The Engine connected.&#xD;
[xUnit.net 00:01:02.14]       Received the Auth frame.&#xD;
[xUnit.net 00:01:02.14]       Received the Heartbeat frame.&#xD;
[xUnit.net 00:01:02.14]       The Engine disconnected.&#xD;
[xUnit.net 00:01:02.14]       The Engine connected.&#xD;
[xUnit.net 00:01:02.14]       Received the Auth frame.&#xD;
[xUnit.net 00:01:02.14]       Received the Heartbeat frame.&#xD;
[xUnit.net 00:01:02.14]       The Engine disconnected.&#xD;
[xUnit.net 00:01:02.14]       The Engine connected.&#xD;
[xUnit.net 00:01:02.14]       Received the Auth frame.&#xD;
[xUnit.net 00:01:02.14]       Received the Heartbeat frame.&#xD;
[xUnit.net 00:01:02.14]       The Engine disconnected.&#xD;
[xUnit.net 00:01:02.14]       The Engine connected.&#xD;
[xUnit.net 00:01:02.14]       Received the Auth frame.&#xD;
[xUnit.net 00:01:02.14]       Received the Heartbeat frame.&#xD;
[xUnit.net 00:01:02.14]       The Engine disconnected.&#xD;
[xUnit.net 00:01:02.14]       The Engine connected.&#xD;
[xUnit.net 00:01:02.14]       Received the Auth frame.&#xD;
[xUnit.net 00:01:02.14]       Received the Heartbeat frame.&#xD;
[xUnit.net 00:01:02.14]       The Engine disconnected.&#xD;
[xUnit.net 00:01:02.14]       The Engine connected.&#xD;
[xUnit.net 00:01:02.14]       Received the Auth frame.&#xD;
[xUnit.net 00:01:02.14]       Received the Heartbeat frame.&#xD;
[xUnit.net 00:01:02.14]       The Engine disconnected.&#xD;
[xUnit.net 00:01:02.14]       The Engine connected.&#xD;
[xUnit.net 00:01:02.14]       Received the Auth frame.&#xD;
[xUnit.net 00:01:02.14]       Received the Heartbeat frame.&#xD;
[xUnit.net 00:01:02.14]       The Engine disconnected.&#xD;
[xUnit.net 00:01:02.14]       The Engine connected.&#xD;
[xUnit.net 00:01:02.14]       Received the Auth frame.&#xD;
[xUnit.net 00:01:02.14]       Received the Heartbeat frame.&#xD;
[xUnit.net 00:01:02.14]       The Engine disconnected.&#xD;
[xUnit.net 00:01:02.14]       The Engine connected.&#xD;
[xUnit.net 00:01:02.14]       Received the Auth frame.&#xD;
[xUnit.net 00:01:02.14]       Received the Heartbeat frame.&#xD;
[xUnit.net 00:01:02.14]       The Engine disconnected.&#xD;
[xUnit.net 00:01:02.14]       The Engine connected.&#xD;
[xUnit.net 00:01:02.14]       Received the Auth frame.&#xD;
[xUnit.net 00:01:02.14]       Received the Heartbeat frame.&#xD;
[xUnit.net 00:01:02.14]       The Engine disconnected.&#xD;
[xUnit.net 00:01:02.14]       The Engine connected.&#xD;
[xUnit.net 00:01:02.14]       Received the Auth frame.&#xD;
[xUnit.net 00:01:02.14]       Received the Heartbeat frame.&#xD;
[xUnit.net 00:01:02.14]       The Engine disconnected.&#xD;
[xUnit.net 00:01:02.14]       The Engine connected.&#xD;
[xUnit.net 00:01:02.14]       Received the Auth frame.&#xD;
[xUnit.net 00:01:02.14]       Received the Heartbeat frame.&#xD;
[xUnit.net 00:01:02.14]       The Engine disconnected.&#xD;
[xUnit.net 00:01:02.14]       The Engine connected.&#xD;
[xUnit.net 00:01:02.14]       Received the Auth frame.&#xD;
[xUnit.net 00:01:02.14]       Received the Heartbeat frame.&#xD;
[xUnit.net 00:01:02.14]       The Engine disconnected.&#xD;
[xUnit.net 00:01:02.14]       Stack Trace:&#xD;
[xUnit.net 00:01:02.14]         D:\Work\Projects\BleedingOnTheEdge\.qwen\tmp\wt-26\core\tests\Engine.IntegrationTests\TestSupport\SimulatedCloudServer.cs(128,0): at Engine.IntegrationTests.TestSupport.SimulatedCloudServer.WaitForHandshakeAsync(Nullable`1 timeout)&#xD;
[xUnit.net 00:01:02.14]         D:\Work\Projects\BleedingOnTheEdge\.qwen\tmp\wt-26\core\tests\Engine.IntegrationTests\CloudHandshakeSocketTests.cs(109,0): at Engine.IntegrationTests.CloudHandshakeSocketTests.ACommandDeliveredInAHeartbeatResponseKeepsItsOwnCorrelationId()&#xD;
[xUnit.net 00:01:02.14]         D:\Work\Projects\BleedingOnTheEdge\.qwen\tmp\wt-26\core\tests\Engine.IntegrationTests\CloudHandshakeSocketTests.cs(141,0): at Engine.IntegrationTests.CloudHandshakeSocketTests.ACommandDeliveredInAHeartbeatResponseKeepsItsOwnCorrelationId()&#xD;
[xUnit.net 00:01:02.14]         --- End of stack trace from previous location ---&#xD;
Cloud connector starting.&#xD;
Connecting to ws://127.0.0.1:55133/engine...&#xD;
Connected to ws://127.0.0.1:55133/engine.&#xD;
Authenticating with cloud...&#xD;
Authentication acknowledged.&#xD;
?? Authentication invalid. Stopping user tasks.&#xD;
Disconnected from cloud.&#xD;
Receive loop ended.&#xD;
Connecting to wss://cloud.Razor-fallback.io/engine...&#xD;
Error in connector loop: Failed to connect to any cloud endpoint.&#xD;
Cloud connector starting.&#xD;
Connecting to ws://127.0.0.1:55135/engine...&#xD;
Connected to ws://127.0.0.1:55135/engine.&#xD;
Authenticating with cloud...&#xD;
Authentication acknowledged.&#xD;
Authenticated. Session ID: f19dce00-9c7c-4bf4-b946-d6460b9b1338&#xD;
Receive loop ended.&#xD;
Disconnected from cloud.&#xD;
Cloud connector starting.&#xD;
Connecting to ws://127.0.0.1:55137/engine...&#xD;
Connected to ws://127.0.0.1:55137/engine.&#xD;
Authenticating with cloud...&#xD;
Authentication acknowledged.&#xD;
Authenticated. Session ID: 58458219-5157-4033-a9ef-ac0388941f13&#xD;
?? Engine is locked/banned. Stopping user tasks.&#xD;
Disconnected from cloud.&#xD;
Receive loop ended.&#xD;
Cloud connector starting.&#xD;
Connecting to ws://127.0.0.1:55139/engine...&#xD;
Connected to ws://127.0.0.1:55139/engine.&#xD;
Authenticating with cloud...&#xD;
Authentication acknowledged.&#xD;
Authenticated. Session ID: 7649ec13-bb19-4ae2-8544-caa7506b52ec&#xD;
Disconnected from cloud.&#xD;
Receive loop ended.&#xD;
Cloud connector starting.&#xD;
Connecting to ws://127.0.0.1:55141/engine...&#xD;
Connected to ws://127.0.0.1:55141/engine.&#xD;
Authenticating with cloud...&#xD;
Authenticated. Session ID: 77c2c14d-8cf9-4579-8015-1d83ad0f711d&#xD;
Receive loop ended.&#xD;
Connecting to ws://127.0.0.1:55141/engine...&#xD;
Connected to ws://127.0.0.1:55141/engine.&#xD;
Authenticating with cloud...&#xD;
Authenticated. Session ID: 77c2c14d-8cf9-4579-8015-1d83ad0f711d&#xD;
Receive loop ended.&#xD;
Connecting to ws://127.0.0.1:55141/engine...&#xD;
Connected to ws://127.0.0.1:55141/engine.&#xD;
Authenticating with cloud...&#xD;
Authenticated. Session ID: 3b572104-a373-49a8-b982-b03642fe545f&#xD;
Receive loop ended.&#xD;
Connecting to ws://127.0.0.1:55141/engine...&#xD;
Connected to ws://127.0.0.1:55141/engine.&#xD;
Authenticating with cloud...&#xD;
Authenticated. Session ID: 8a677098-9195-4138-95bc-767f2fc036cb&#xD;
Receive loop ended.&#xD;
Connecting to ws://127.0.0.1:55141/engine...&#xD;
Connected to ws://127.0.0.1:55141/engine.&#xD;
Authenticating with cloud...&#xD;
Authenticated. Session ID: 6e0a53bb-c011-456e-aec3-d2bd8cd6734c&#xD;
Receive loop ended.&#xD;
Connecting to ws://127.0.0.1:55141/engine...&#xD;
Connected to ws://127.0.0.1:55141/engine.&#xD;
Authenticating with cloud...&#xD;
Authenticated. Session ID: 7c706908-a3b8-48fe-8e3e-5177ac8477b6&#xD;
Receive loop ended.&#xD;
Connecting to ws://127.0.0.1:55141/engine...&#xD;
Connected to ws://127.0.0.1:55141/engine.&#xD;
Authenticating with cloud...&#xD;
Authenticated. Session ID: fca6dd8d-a0d2-4557-9077-1bcf87a5a707&#xD;
Receive loop ended.&#xD;
Connecting to ws://127.0.0.1:55141/engine...&#xD;
Connected to ws://127.0.0.1:55141/engine.&#xD;
Authenticating with cloud...&#xD;
Authenticated. Session ID: 9812cbcb-df56-44fb-90ff-3b4c4bcd2f58&#xD;
Receive loop ended.&#xD;
Connecting to ws://127.0.0.1:55141/engine...&#xD;
Connected to ws://127.0.0.1:55141/engine.&#xD;
Authenticating with cloud...&#xD;
Authenticated. Session ID: 9f39b32f-1ab8-4290-9887-134e1e79ad6f&#xD;
Receive loop ended.&#xD;
Connecting to ws://127.0.0.1:55141/engine...&#xD;
Connected to ws://127.0.0.1:55141/engine.&#xD;
Authenticating with cloud...&#xD;
Authenticated. Session ID: 2b3e7a0b-ccea-4b31-bd35-675451782da5&#xD;
Receive loop ended.&#xD;
Connecting to ws://127.0.0.1:55141/engine...&#xD;
Connected to ws://127.0.0.1:55141/engine.&#xD;
Authenticating with cloud...&#xD;
Authenticated. Session ID: cce7f557-1904-4f7b-a155-1156636af550&#xD;
Receive loop ended.&#xD;
Connecting to ws://127.0.0.1:55141/engine...&#xD;
Connected to ws://127.0.0.1:55141/engine.&#xD;
Authenticating with cloud...&#xD;
Authenticated. Session ID: 847e6c57-5c55-473a-b7c9-4104dafa0a43&#xD;
Receive loop ended.&#xD;
Connecting to ws://127.0.0.1:55141/engine...&#xD;
Connected to ws://127.0.0.1:55141/engine.&#xD;
Authenticating with cloud...&#xD;
Authenticated. Session ID: 4872f759-99e9-4061-a0f3-cc4bb8fe89a6&#xD;
Receive loop ended.&#xD;
Connecting to ws://127.0.0.1:55141/engine...&#xD;
Connected to ws://127.0.0.1:55141/engine.&#xD;
Authenticating with cloud...&#xD;
Authenticated. Session ID: 91ca2a4e-244b-4faa-8c98-f4f1c32a1e03&#xD;
Receive loop ended.&#xD;
Connecting to ws://127.0.0.1:55141/engine...&#xD;
Connected to ws://127.0.0.1:55141/engine.&#xD;
Authenticating with cloud...&#xD;
Authenticated. Session ID: a058061e-139e-4dc4-928f-adfb7e459166&#xD;
Receive loop ended.&#xD;
Connecting to ws://127.0.0.1:55141/engine...&#xD;
Connected to ws://127.0.0.1:55141/engine.&#xD;
Authenticating with cloud...&#xD;
Authenticated. Session ID: c933e7e1-71a9-47a5-b508-e654abbeb881&#xD;
Receive loop ended.&#xD;
Connecting to ws://127.0.0.1:55141/engine...&#xD;
Connected to ws://127.0.0.1:55141/engine.&#xD;
Authenticating with cloud...&#xD;
Authenticated. Session ID: 5833eb23-ebc7-4a19-aa23-37d348b4d5c6&#xD;
Receive loop ended.&#xD;
Connecting to ws://127.0.0.1:55141/engine...&#xD;
Connected to ws://127.0.0.1:55141/engine.&#xD;
Authenticating with cloud...&#xD;
Authenticated. Session ID: 8c2ade03-e513-4f08-92f7-f3db7969450f&#xD;
Receive loop ended.&#xD;
Connecting to ws://127.0.0.1:55141/engine...&#xD;
Connected to ws://127.0.0.1:55141/engine.&#xD;
Authenticating with cloud...&#xD;
Authenticated. Session ID: b0d9cc8e-9fb0-492b-8057-4ea26e834d2b&#xD;
Receive loop ended.&#xD;
Connecting to ws://127.0.0.1:55141/engine...&#xD;
Connected to ws://127.0.0.1:55141/engine.&#xD;
Authenticating with cloud...&#xD;
Authenticated. Session ID: 063c91ad-ce68-4eec-9f2f-137e1d70d030&#xD;
Receive loop ended.&#xD;
Connecting to ws://127.0.0.1:55141/engine...&#xD;
Connected to ws://127.0.0.1:55141/engine.&#xD;
Authenticating with cloud...&#xD;
Authenticated. Session ID: c5eab31d-f2bf-4b84-b64b-683a49a7e005&#xD;
Connecting to ws://127.0.0.1:55141/engine...&#xD;
Receive loop ended.&#xD;
Connected to ws://127.0.0.1:55141/engine.&#xD;
Authenticating with cloud...&#xD;
Authenticated. Session ID: 55f7b60a-d8e0-4896-8b82-3f7ecfa3785f&#xD;
Receive loop ended.&#xD;
Connecting to ws://127.0.0.1:55141/engine...&#xD;
Connected to ws://127.0.0.1:55141/engine.&#xD;
Authenticating with cloud...&#xD;
Authenticated. Session ID: 08bb6753-9aa2-47cb-a886-dafb56cabfb7&#xD;
Receive loop ended.&#xD;
Connecting to ws://127.0.0.1:55141/engine...&#xD;
Connected to ws://127.0.0.1:55141/engine.&#xD;
Authenticating with cloud...&#xD;
Authenticated. Session ID: 316a900b-0202-4824-b10b-e23d34670114&#xD;
Receive loop ended.&#xD;
Connecting to ws://127.0.0.1:55141/engine...&#xD;
Connected to ws://127.0.0.1:55141/engine.&#xD;
Authenticating with cloud...&#xD;
Authenticated. Session ID: 2827b1f5-28fa-4da5-a795-3d07899064d6&#xD;
Receive loop ended.&#xD;
Connecting to ws://127.0.0.1:55141/engine...&#xD;
Connected to ws://127.0.0.1:55141/engine.&#xD;
Authenticating with cloud...&#xD;
Authenticated. Session ID: 72e92a84-2a4e-4f59-8184-3087662bb16c&#xD;
Receive loop ended.&#xD;
Connecting to ws://127.0.0.1:55141/engine...&#xD;
Connected to ws://127.0.0.1:55141/engine.&#xD;
Authenticating with cloud...&#xD;
Authenticated. Session ID: f9c1fe4f-7d30-465b-a0a2-e8c29c2d8a05&#xD;
Receive loop ended.&#xD;
Connecting to ws://127.0.0.1:55141/engine...&#xD;
Connected to ws://127.0.0.1:55141/engine.&#xD;
Authenticating with cloud...&#xD;
Authenticated. Session ID: a4966967-ef54-4af8-b6cb-a4063a3b207b&#xD;
Disconnected from cloud.&#xD;
[xUnit.net 00:01:34.24]       System.TimeoutException : The Engine never completed the handshake within 30s. Frames received: []. Connected: False. Engine log:&#xD;
[xUnit.net 00:01:34.24]       The Engine connected.&#xD;
[xUnit.net 00:01:34.24]       Received the Auth frame.&#xD;
[xUnit.net 00:01:34.24]       Received the Heartbeat frame.&#xD;
[xUnit.net 00:01:34.24]       The Engine disconnected.&#xD;
[xUnit.net 00:01:34.24]       The Engine connected.&#xD;
[xUnit.net 00:01:34.24]       Received the Auth frame.&#xD;
[xUnit.net 00:01:34.24]       Received the Heartbeat frame.&#xD;
[xUnit.net 00:01:34.24]       The Engine disconnected.&#xD;
[xUnit.net 00:01:34.24]       The Engine connected.&#xD;
[xUnit.net 00:01:34.24]       Received the Auth frame.&#xD;
[xUnit.net 00:01:34.24]       Received the Heartbeat frame.&#xD;
[xUnit.net 00:01:34.24]       The Engine disconnected.&#xD;
[xUnit.net 00:01:34.24]       The Engine connected.&#xD;
[xUnit.net 00:01:34.24]       Received the Auth frame.&#xD;
[xUnit.net 00:01:34.24]       Received the Heartbeat frame.&#xD;
[xUnit.net 00:01:34.24]       The Engine disconnected.&#xD;
[xUnit.net 00:01:34.24]       The Engine connected.&#xD;
[xUnit.net 00:01:34.24]       Received the Auth frame.&#xD;
[xUnit.net 00:01:34.24]       Received the Heartbeat frame.&#xD;
[xUnit.net 00:01:34.24]       The Engine disconnected.&#xD;
[xUnit.net 00:01:34.24]       The Engine connected.&#xD;
[xUnit.net 00:01:34.24]       Received the Auth frame.&#xD;
[xUnit.net 00:01:34.24]       Received the Heartbeat frame.&#xD;
[xUnit.net 00:01:34.24]       The Engine disconnected.&#xD;
[xUnit.net 00:01:34.24]       The Engine connected.&#xD;
[xUnit.net 00:01:34.24]       Received the Auth frame.&#xD;
[xUnit.net 00:01:34.24]       Received the Heartbeat frame.&#xD;
[xUnit.net 00:01:34.24]       The Engine disconnected.&#xD;
[xUnit.net 00:01:34.24]       The Engine connected.&#xD;
[xUnit.net 00:01:34.24]       Received the Auth frame.&#xD;
[xUnit.net 00:01:34.24]       Received the Heartbeat frame.&#xD;
[xUnit.net 00:01:34.24]       The Engine disconnected.&#xD;
[xUnit.net 00:01:34.24]       The Engine connected.&#xD;
[xUnit.net 00:01:34.24]       Received the Auth frame.&#xD;
[xUnit.net 00:01:34.24]       Received the Heartbeat frame.&#xD;
[xUnit.net 00:01:34.24]       The Engine disconnected.&#xD;
[xUnit.net 00:01:34.24]       The Engine connected.&#xD;
[xUnit.net 00:01:34.24]       Received the Auth frame.&#xD;
[xUnit.net 00:01:34.24]       Received the Heartbeat frame.&#xD;
[xUnit.net 00:01:34.24]       The Engine disconnected.&#xD;
[xUnit.net 00:01:34.24]       The Engine connected.&#xD;
[xUnit.net 00:01:34.24]       Received the Auth frame.&#xD;
[xUnit.net 00:01:34.24]       Received the Heartbeat frame.&#xD;
[xUnit.net 00:01:34.24]       The Engine disconnected.&#xD;
[xUnit.net 00:01:34.24]       The Engine connected.&#xD;
[xUnit.net 00:01:34.24]       Received the Auth frame.&#xD;
[xUnit.net 00:01:34.24]       Received the Heartbeat frame.&#xD;
[xUnit.net 00:01:34.24]       The Engine disconnected.&#xD;
[xUnit.net 00:01:34.24]       The Engine connected.&#xD;
[xUnit.net 00:01:34.24]       Received the Auth frame.&#xD;
[xUnit.net 00:01:34.24]       Received the Heartbeat frame.&#xD;
[xUnit.net 00:01:34.24]       The Engine disconnected.&#xD;
[xUnit.net 00:01:34.24]       The Engine connected.&#xD;
[xUnit.net 00:01:34.24]       Received the Auth frame.&#xD;
[xUnit.net 00:01:34.24]       Received the Heartbeat frame.&#xD;
[xUnit.net 00:01:34.24]       The Engine disconnected.&#xD;
[xUnit.net 00:01:34.24]       The Engine connected.&#xD;
[xUnit.net 00:01:34.24]       Received the Auth frame.&#xD;
[xUnit.net 00:01:34.24]       Received the Heartbeat frame.&#xD;
[xUnit.net 00:01:34.24]       The Engine disconnected.&#xD;
[xUnit.net 00:01:34.24]       The Engine connected.&#xD;
[xUnit.net 00:01:34.24]       Received the Auth frame.&#xD;
[xUnit.net 00:01:34.24]       Received the Heartbeat frame.&#xD;
[xUnit.net 00:01:34.24]       The Engine disconnected.&#xD;
[xUnit.net 00:01:34.24]       The Engine connected.&#xD;
[xUnit.net 00:01:34.24]       Received the Auth frame.&#xD;
[xUnit.net 00:01:34.24]       Received the Heartbeat frame.&#xD;
[xUnit.net 00:01:34.24]       The Engine disconnected.&#xD;
[xUnit.net 00:01:34.24]       The Engine connected.&#xD;
[xUnit.net 00:01:34.24]       Received the Auth frame.&#xD;
[xUnit.net 00:01:34.24]       Received the Heartbeat frame.&#xD;
[xUnit.net 00:01:34.24]       The Engine disconnected.&#xD;
[xUnit.net 00:01:34.24]       The Engine connected.&#xD;
[xUnit.net 00:01:34.24]       Received the Auth frame.&#xD;
[xUnit.net 00:01:34.24]       Received the Heartbeat frame.&#xD;
[xUnit.net 00:01:34.24]       The Engine disconnected.&#xD;
[xUnit.net 00:01:34.24]       The Engine connected.&#xD;
[xUnit.net 00:01:34.24]       Received the Auth frame.&#xD;
[xUnit.net 00:01:34.24]       Received the Heartbeat frame.&#xD;
[xUnit.net 00:01:34.24]       The Engine disconnected.&#xD;
[xUnit.net 00:01:34.24]       The Engine connected.&#xD;
[xUnit.net 00:01:34.24]       Received the Auth frame.&#xD;
[xUnit.net 00:01:34.24]       Received the Heartbeat frame.&#xD;
[xUnit.net 00:01:34.24]       The Engine disconnected.&#xD;
[xUnit.net 00:01:34.24]       The Engine connected.&#xD;
[xUnit.net 00:01:34.24]       Received the Auth frame.&#xD;
[xUnit.net 00:01:34.24]       Received the Heartbeat frame.&#xD;
[xUnit.net 00:01:34.24]       The Engine disconnected.&#xD;
[xUnit.net 00:01:34.24]       The Engine connected.&#xD;
[xUnit.net 00:01:34.24]       Received the Auth frame.&#xD;
[xUnit.net 00:01:34.24]       Received the Heartbeat frame.&#xD;
[xUnit.net 00:01:34.24]       The Engine disconnected.&#xD;
[xUnit.net 00:01:34.24]       The Engine connected.&#xD;
[xUnit.net 00:01:34.24]       Received the Auth frame.&#xD;
[xUnit.net 00:01:34.24]       Received the Heartbeat frame.&#xD;
[xUnit.net 00:01:34.24]       The Engine disconnected.&#xD;
[xUnit.net 00:01:34.24]       The Engine connected.&#xD;
[xUnit.net 00:01:34.24]       Received the Auth frame.&#xD;
[xUnit.net 00:01:34.24]       Received the Heartbeat frame.&#xD;
[xUnit.net 00:01:34.24]       The Engine disconnected.&#xD;
[xUnit.net 00:01:34.24]       The Engine connected.&#xD;
[xUnit.net 00:01:34.24]       Received the Auth frame.&#xD;
[xUnit.net 00:01:34.24]       Received the Heartbeat frame.&#xD;
[xUnit.net 00:01:34.24]       The Engine disconnected.&#xD;
[xUnit.net 00:01:34.24]       The Engine connected.&#xD;
[xUnit.net 00:01:34.24]       Received the Auth frame.&#xD;
[xUnit.net 00:01:34.24]       Received the Heartbeat frame.&#xD;
[xUnit.net 00:01:34.24]       The Engine disconnected.&#xD;
[xUnit.net 00:01:34.24]       The Engine connected.&#xD;
[xUnit.net 00:01:34.24]       Received the Auth frame.&#xD;
[xUnit.net 00:01:34.24]       Received the Heartbeat frame.&#xD;
[xUnit.net 00:01:34.24]       The Engine disconnected.&#xD;
[xUnit.net 00:01:34.24]       Stack Trace:&#xD;
[xUnit.net 00:01:34.24]         D:\Work\Projects\BleedingOnTheEdge\.qwen\tmp\wt-26\core\tests\Engine.IntegrationTests\TestSupport\SimulatedCloudServer.cs(128,0): at Engine.IntegrationTests.TestSupport.SimulatedCloudServer.WaitForHandshakeAsync(Nullable`1 timeout)&#xD;
[xUnit.net 00:01:34.24]         D:\Work\Projects\BleedingOnTheEdge\.qwen\tmp\wt-26\core\tests\Engine.IntegrationTests\CloudHandshakeSocketTests.cs(193,0): at Engine.IntegrationTests.CloudHandshakeSocketTests.ASelfUpdateOfferInAHeartbeatResponseReachesTheSelfUpdateManager()&#xD;
[xUnit.net 00:01:34.24]         D:\Work\Projects\BleedingOnTheEdge\.qwen\tmp\wt-26\core\tests\Engine.IntegrationTests\CloudHandshakeSocketTests.cs(212,0): at Engine.IntegrationTests.CloudHandshakeSocketTests.ASelfUpdateOfferInAHeartbeatResponseReachesTheSelfUpdateManager()&#xD;
[xUnit.net 00:01:34.24]         --- End of stack trace from previous location ---&#xD;
[xUnit.net 00:01:34.25]   Finished:    Engine.IntegrationTests&#xD;
</StdOut>
    </Output>
    <RunInfos>
      <RunInfo computerName="DESKTOP-LVISFEN" outcome="Error" timestamp="2026-09-27T23:49:30.8854985+03:30">
        <Text>[xUnit.net 00:00:31.71]     Engine.IntegrationTests.CloudHandshakeSocketTests.ABinaryTransferFromTheCloudIsAcceptedAcknowledgedAndStored [FAIL]</Text>
      </RunInfo>
      <RunInfo computerName="DESKTOP-LVISFEN" outcome="Error" timestamp="2026-09-27T23:50:01.3163805+03:30">
        <Text>[xUnit.net 00:01:02.14]     Engine.IntegrationTests.CloudHandshakeSocketTests.ACommandDeliveredInAHeartbeatResponseKeepsItsOwnCorrelationId [FAIL]</Text>
      </RunInfo>
      <RunInfo computerName="DESKTOP-LVISFEN" outcome="Error" timestamp="2026-09-27T23:50:33.4159603+03:30">
        <Text>[xUnit.net 00:01:34.24]     Engine.IntegrationTests.CloudHandshakeSocketTests.ASelfUpdateOfferInAHeartbeatResponseReachesTheSelfUpdateManager [FAIL]</Text>
      </RunInfo>
    </RunInfos>
  </ResultSummary>
</TestRun>