<?xml version="1.0" encoding="utf-8"?>
<TestRun id="4d05046c-149f-48c6-a7b6-ec3241f16cfe" name="Sina@DESKTOP-LVISFEN 2026-09-27 21:12:29" runUser="DESKTOP-LVISFEN\Sina" xmlns="http://microsoft.com/schemas/VisualStudio/TeamTest/2010">
  <Times creation="2026-09-27T21:12:29.2623165+03:30" queuing="2026-09-27T21:12:29.2623168+03:30" start="2026-09-27T21:11:57.8226513+03:30" finish="2026-09-27T21:13:02.0722921+03:30" />
  <TestSettings name="default" id="cd633149-4bfb-4230-af5e-3ff78a6fc4ae">
    <Deployment runDeploymentRoot="Sina_DESKTOP-LVISFEN_2026-09-27_21_12_29" />
  </TestSettings>
  <Results>
    <UnitTestResult executionId="95c6fe96-2c9a-44da-86d6-00cfa1100127" testId="6be494f5-b67c-3dd9-477f-4418be4da783" testName="Engine.IntegrationTests.CloudHandshakeSocketTests.ABinaryTransferFromTheCloudIsAcceptedAcknowledgedAndStored" computerName="DESKTOP-LVISFEN" duration="00:00:00.4651162" startTime="2026-09-27T21:12:29.2496309+03:30" endTime="2026-09-27T21:12:29.6890829+03:30" testType="13cdc9d9-ddb5-4fa4-a97d-d965ccfc6d4b" outcome="Passed" testListId="8c84fa94-04c1-424b-9868-57a2d4851a1d" relativeResultsDirectory="95c6fe96-2c9a-44da-86d6-00cfa1100127" />
    <UnitTestResult executionId="01cfca89-0cc9-44d6-8aae-e2646b172dbe" testId="d2bb8e59-0f5f-af88-f0e5-2df58cb18412" testName="Engine.IntegrationTests.CloudHandshakeSocketTests.ACommandDeliveredInAHeartbeatResponseKeepsItsOwnCorrelationId" computerName="DESKTOP-LVISFEN" duration="00:00:00.4368806" startTime="2026-09-27T21:12:29.6907093+03:30" endTime="2026-09-27T21:12:30.1264009+03:30" testType="13cdc9d9-ddb5-4fa4-a97d-d965ccfc6d4b" outcome="Passed" testListId="8c84fa94-04c1-424b-9868-57a2d4851a1d" relativeResultsDirectory="01cfca89-0cc9-44d6-8aae-e2646b172dbe" />
    <UnitTestResult executionId="9004c73b-8ead-432e-8c65-1f27c3fbede8" testId="4f516b9c-8c51-3770-3044-f2fc87cc04b6" testName="Engine.IntegrationTests.CloudHandshakeSocketTests.ASelfUpdateOfferInAHeartbeatResponseReachesTheSelfUpdateManager" computerName="DESKTOP-LVISFEN" duration="00:00:00.3662260" startTime="2026-09-27T21:13:01.6336349+03:30" endTime="2026-09-27T21:13:02.0001446+03:30" testType="13cdc9d9-ddb5-4fa4-a97d-d965ccfc6d4b" outcome="Passed" testListId="8c84fa94-04c1-424b-9868-57a2d4851a1d" relativeResultsDirectory="9004c73b-8ead-432e-8c65-1f27c3fbede8" />
    <UnitTestResult executionId="848dc75d-27fb-46af-a6cc-05d8a4f6c0f2" testId="e09d3c33-2639-de83-63b9-0c2b142bab07" testName="Engine.IntegrationTests.CloudHandshakeSocketTests.ATopLevelCommandIsDispatchedWithTheCorrelationIdOfItsEnvelope" computerName="DESKTOP-LVISFEN" duration="00:00:00.3660049" startTime="2026-09-27T21:13:00.4308298+03:30" endTime="2026-09-27T21:13:00.7961504+03:30" testType="13cdc9d9-ddb5-4fa4-a97d-d965ccfc6d4b" outcome="Passed" testListId="8c84fa94-04c1-424b-9868-57a2d4851a1d" relativeResultsDirectory="848dc75d-27fb-46af-a6cc-05d8a4f6c0f2" />
    <UnitTestResult executionId="e4ba0068-85f8-4566-b693-2db77d8c2d1a" testId="5c8106ed-744b-ff01-56ac-481a73ebac08" testName="Engine.IntegrationTests.CloudHandshakeSocketTests.AFailedAuthRevalidationDropsTheSession" computerName="DESKTOP-LVISFEN" duration="00:00:30.3013638" startTime="2026-09-27T21:12:30.1272652+03:30" endTime="2026-09-27T21:13:00.4296669+03:30" testType="13cdc9d9-ddb5-4fa4-a97d-d965ccfc6d4b" outcome="Failed" testListId="8c84fa94-04c1-424b-9868-57a2d4851a1d" relativeResultsDirectory="e4ba0068-85f8-4566-b693-2db77d8c2d1a">
      <Output>
        <ErrorInfo>
          <Message>System.TimeoutException : The operation has timed out.</Message>
          <StackTrace>   at Engine.IntegrationTests.CloudHandshakeSocketTests.AFailedAuthRevalidationDropsTheSession() in D:\Work\Projects\BleedingOnTheEdge\.qwen\tmp\wt-26\core\tests\Engine.IntegrationTests\CloudHandshakeSocketTests.cs:line 170&#xD;
   at Engine.IntegrationTests.CloudHandshakeSocketTests.AFailedAuthRevalidationDropsTheSession() in D:\Work\Projects\BleedingOnTheEdge\.qwen\tmp\wt-26\core\tests\Engine.IntegrationTests\CloudHandshakeSocketTests.cs:line 184&#xD;
--- End of stack trace from previous location ---</StackTrace>
        </ErrorInfo>
      </Output>
    </UnitTestResult>
    <UnitTestResult executionId="c6975cee-e12f-4ad7-9417-794ad61782c9" testId="4e269068-4fdb-0bdb-fb4a-87357a15f6d1" testName="Engine.IntegrationTests.CloudHandshakeSocketTests.ABroadcastMessageFromTheCloudIsDisplayed" computerName="DESKTOP-LVISFEN" duration="00:00:30.4842460" startTime="2026-09-27T21:11:58.7161029+03:30" endTime="2026-09-27T21:12:29.2209794+03:30" testType="13cdc9d9-ddb5-4fa4-a97d-d965ccfc6d4b" outcome="Failed" testListId="8c84fa94-04c1-424b-9868-57a2d4851a1d" relativeResultsDirectory="c6975cee-e12f-4ad7-9417-794ad61782c9">
      <Output>
        <ErrorInfo>
          <Message>System.TimeoutException : The operation has timed out.</Message>
          <StackTrace>   at Engine.IntegrationTests.CloudHandshakeSocketTests.ABroadcastMessageFromTheCloudIsDisplayed() in D:\Work\Projects\BleedingOnTheEdge\.qwen\tmp\wt-26\core\tests\Engine.IntegrationTests\CloudHandshakeSocketTests.cs:line 279&#xD;
   at Engine.IntegrationTests.CloudHandshakeSocketTests.ABroadcastMessageFromTheCloudIsDisplayed() in D:\Work\Projects\BleedingOnTheEdge\.qwen\tmp\wt-26\core\tests\Engine.IntegrationTests\CloudHandshakeSocketTests.cs:line 291&#xD;
--- End of stack trace from previous location ---</StackTrace>
        </ErrorInfo>
      </Output>
    </UnitTestResult>
    <UnitTestResult executionId="b3f125ae-ae64-4c0f-8f55-fc9a38e69a87" testId="02c31334-04c2-2b92-7fdd-995f2ca5f5ba" testName="Engine.IntegrationTests.CloudHandshakeSocketTests.TheHandshakeCompletesAndTheEngineAdoptsTheSessionIdentifier" computerName="DESKTOP-LVISFEN" duration="00:00:00.4280236" startTime="2026-09-27T21:13:01.2052738+03:30" endTime="2026-09-27T21:13:01.6334495+03:30" testType="13cdc9d9-ddb5-4fa4-a97d-d965ccfc6d4b" outcome="Passed" testListId="8c84fa94-04c1-424b-9868-57a2d4851a1d" relativeResultsDirectory="b3f125ae-ae64-4c0f-8f55-fc9a38e69a87" />
    <UnitTestResult executionId="8a2cd7bd-aa78-4335-ac80-e516c316313f" testId="d38e01e3-5609-623a-390a-dac99288ed4f" testName="Engine.IntegrationTests.CloudHandshakeSocketTests.AHeartbeatResponseAskingForALockDispatchesAnEmergencyStop" computerName="DESKTOP-LVISFEN" duration="00:00:00.4083888" startTime="2026-09-27T21:13:00.7963371+03:30" endTime="2026-09-27T21:13:01.2050558+03:30" testType="13cdc9d9-ddb5-4fa4-a97d-d965ccfc6d4b" outcome="Passed" testListId="8c84fa94-04c1-424b-9868-57a2d4851a1d" relativeResultsDirectory="8a2cd7bd-aa78-4335-ac80-e516c316313f" />
  </Results>
  <TestDefinitions>
    <UnitTest name="Engine.IntegrationTests.CloudHandshakeSocketTests.ASelfUpdateOfferInAHeartbeatResponseReachesTheSelfUpdateManager" storage="d:\work\projects\bleedingontheedge\.qwen\tmp\wt-26\core\tests\engine.integrationtests\bin\release\net10.0\engine.integrationtests.dll" id="4f516b9c-8c51-3770-3044-f2fc87cc04b6">
      <Execution id="9004c73b-8ead-432e-8c65-1f27c3fbede8" />
      <TestMethod codeBase="D:\Work\Projects\BleedingOnTheEdge\.qwen\tmp\wt-26\core\tests\Engine.IntegrationTests\bin\Release\net10.0\Engine.IntegrationTests.dll" adapterTypeName="executor://xunit/VsTestRunner3/netcore/" className="Engine.IntegrationTests.CloudHandshakeSocketTests" name="ASelfUpdateOfferInAHeartbeatResponseReachesTheSelfUpdateManager" />
    </UnitTest>
    <UnitTest name="Engine.IntegrationTests.CloudHandshakeSocketTests.ACommandDeliveredInAHeartbeatResponseKeepsItsOwnCorrelationId" storage="d:\work\projects\bleedingontheedge\.qwen\tmp\wt-26\core\tests\engine.integrationtests\bin\release\net10.0\engine.integrationtests.dll" id="d2bb8e59-0f5f-af88-f0e5-2df58cb18412">
      <Execution id="01cfca89-0cc9-44d6-8aae-e2646b172dbe" />
      <TestMethod codeBase="D:\Work\Projects\BleedingOnTheEdge\.qwen\tmp\wt-26\core\tests\Engine.IntegrationTests\bin\Release\net10.0\Engine.IntegrationTests.dll" adapterTypeName="executor://xunit/VsTestRunner3/netcore/" className="Engine.IntegrationTests.CloudHandshakeSocketTests" name="ACommandDeliveredInAHeartbeatResponseKeepsItsOwnCorrelationId" />
    </UnitTest>
    <UnitTest name="Engine.IntegrationTests.CloudHandshakeSocketTests.ABinaryTransferFromTheCloudIsAcceptedAcknowledgedAndStored" storage="d:\work\projects\bleedingontheedge\.qwen\tmp\wt-26\core\tests\engine.integrationtests\bin\release\net10.0\engine.integrationtests.dll" id="6be494f5-b67c-3dd9-477f-4418be4da783">
      <Execution id="95c6fe96-2c9a-44da-86d6-00cfa1100127" />
      <TestMethod codeBase="D:\Work\Projects\BleedingOnTheEdge\.qwen\tmp\wt-26\core\tests\Engine.IntegrationTests\bin\Release\net10.0\Engine.IntegrationTests.dll" adapterTypeName="executor://xunit/VsTestRunner3/netcore/" className="Engine.IntegrationTests.CloudHandshakeSocketTests" name="ABinaryTransferFromTheCloudIsAcceptedAcknowledgedAndStored" />
    </UnitTest>
    <UnitTest name="Engine.IntegrationTests.CloudHandshakeSocketTests.AHeartbeatResponseAskingForALockDispatchesAnEmergencyStop" storage="d:\work\projects\bleedingontheedge\.qwen\tmp\wt-26\core\tests\engine.integrationtests\bin\release\net10.0\engine.integrationtests.dll" id="d38e01e3-5609-623a-390a-dac99288ed4f">
      <Execution id="8a2cd7bd-aa78-4335-ac80-e516c316313f" />
      <TestMethod codeBase="D:\Work\Projects\BleedingOnTheEdge\.qwen\tmp\wt-26\core\tests\Engine.IntegrationTests\bin\Release\net10.0\Engine.IntegrationTests.dll" adapterTypeName="executor://xunit/VsTestRunner3/netcore/" className="Engine.IntegrationTests.CloudHandshakeSocketTests" name="AHeartbeatResponseAskingForALockDispatchesAnEmergencyStop" />
    </UnitTest>
    <UnitTest name="Engine.IntegrationTests.CloudHandshakeSocketTests.ATopLevelCommandIsDispatchedWithTheCorrelationIdOfItsEnvelope" storage="d:\work\projects\bleedingontheedge\.qwen\tmp\wt-26\core\tests\engine.integrationtests\bin\release\net10.0\engine.integrationtests.dll" id="e09d3c33-2639-de83-63b9-0c2b142bab07">
      <Execution id="848dc75d-27fb-46af-a6cc-05d8a4f6c0f2" />
      <TestMethod codeBase="D:\Work\Projects\BleedingOnTheEdge\.qwen\tmp\wt-26\core\tests\Engine.IntegrationTests\bin\Release\net10.0\Engine.IntegrationTests.dll" adapterTypeName="executor://xunit/VsTestRunner3/netcore/" className="Engine.IntegrationTests.CloudHandshakeSocketTests" name="ATopLevelCommandIsDispatchedWithTheCorrelationIdOfItsEnvelope" />
    </UnitTest>
    <UnitTest name="Engine.IntegrationTests.CloudHandshakeSocketTests.AFailedAuthRevalidationDropsTheSession" storage="d:\work\projects\bleedingontheedge\.qwen\tmp\wt-26\core\tests\engine.integrationtests\bin\release\net10.0\engine.integrationtests.dll" id="5c8106ed-744b-ff01-56ac-481a73ebac08">
      <Execution id="e4ba0068-85f8-4566-b693-2db77d8c2d1a" />
      <TestMethod codeBase="D:\Work\Projects\BleedingOnTheEdge\.qwen\tmp\wt-26\core\tests\Engine.IntegrationTests\bin\Release\net10.0\Engine.IntegrationTests.dll" adapterTypeName="executor://xunit/VsTestRunner3/netcore/" className="Engine.IntegrationTests.CloudHandshakeSocketTests" name="AFailedAuthRevalidationDropsTheSession" />
    </UnitTest>
    <UnitTest name="Engine.IntegrationTests.CloudHandshakeSocketTests.TheHandshakeCompletesAndTheEngineAdoptsTheSessionIdentifier" storage="d:\work\projects\bleedingontheedge\.qwen\tmp\wt-26\core\tests\engine.integrationtests\bin\release\net10.0\engine.integrationtests.dll" id="02c31334-04c2-2b92-7fdd-995f2ca5f5ba">
      <Execution id="b3f125ae-ae64-4c0f-8f55-fc9a38e69a87" />
      <TestMethod codeBase="D:\Work\Projects\BleedingOnTheEdge\.qwen\tmp\wt-26\core\tests\Engine.IntegrationTests\bin\Release\net10.0\Engine.IntegrationTests.dll" adapterTypeName="executor://xunit/VsTestRunner3/netcore/" className="Engine.IntegrationTests.CloudHandshakeSocketTests" name="TheHandshakeCompletesAndTheEngineAdoptsTheSessionIdentifier" />
    </UnitTest>
    <UnitTest name="Engine.IntegrationTests.CloudHandshakeSocketTests.ABroadcastMessageFromTheCloudIsDisplayed" storage="d:\work\projects\bleedingontheedge\.qwen\tmp\wt-26\core\tests\engine.integrationtests\bin\release\net10.0\engine.integrationtests.dll" id="4e269068-4fdb-0bdb-fb4a-87357a15f6d1">
      <Execution id="c6975cee-e12f-4ad7-9417-794ad61782c9" />
      <TestMethod codeBase="D:\Work\Projects\BleedingOnTheEdge\.qwen\tmp\wt-26\core\tests\Engine.IntegrationTests\bin\Release\net10.0\Engine.IntegrationTests.dll" adapterTypeName="executor://xunit/VsTestRunner3/netcore/" className="Engine.IntegrationTests.CloudHandshakeSocketTests" name="ABroadcastMessageFromTheCloudIsDisplayed" />
    </UnitTest>
  </TestDefinitions>
  <TestEntries>
    <TestEntry testId="6be494f5-b67c-3dd9-477f-4418be4da783" executionId="95c6fe96-2c9a-44da-86d6-00cfa1100127" testListId="8c84fa94-04c1-424b-9868-57a2d4851a1d" />
    <TestEntry testId="d2bb8e59-0f5f-af88-f0e5-2df58cb18412" executionId="01cfca89-0cc9-44d6-8aae-e2646b172dbe" testListId="8c84fa94-04c1-424b-9868-57a2d4851a1d" />
    <TestEntry testId="4f516b9c-8c51-3770-3044-f2fc87cc04b6" executionId="9004c73b-8ead-432e-8c65-1f27c3fbede8" testListId="8c84fa94-04c1-424b-9868-57a2d4851a1d" />
    <TestEntry testId="e09d3c33-2639-de83-63b9-0c2b142bab07" executionId="848dc75d-27fb-46af-a6cc-05d8a4f6c0f2" testListId="8c84fa94-04c1-424b-9868-57a2d4851a1d" />
    <TestEntry testId="5c8106ed-744b-ff01-56ac-481a73ebac08" executionId="e4ba0068-85f8-4566-b693-2db77d8c2d1a" testListId="8c84fa94-04c1-424b-9868-57a2d4851a1d" />
    <TestEntry testId="4e269068-4fdb-0bdb-fb4a-87357a15f6d1" executionId="c6975cee-e12f-4ad7-9417-794ad61782c9" testListId="8c84fa94-04c1-424b-9868-57a2d4851a1d" />
    <TestEntry testId="02c31334-04c2-2b92-7fdd-995f2ca5f5ba" executionId="b3f125ae-ae64-4c0f-8f55-fc9a38e69a87" testListId="8c84fa94-04c1-424b-9868-57a2d4851a1d" />
    <TestEntry testId="d38e01e3-5609-623a-390a-dac99288ed4f" executionId="8a2cd7bd-aa78-4335-ac80-e516c316313f" testListId="8c84fa94-04c1-424b-9868-57a2d4851a1d" />
  </TestEntries>
  <TestLists>
    <TestList name="Results Not in a List" id="8c84fa94-04c1-424b-9868-57a2d4851a1d" />
    <TestList name="All Loaded Results" id="19431567-8539-422a-85d7-44ee4e166bda" />
  </TestLists>
  <ResultSummary outcome="Failed">
    <Counters total="8" executed="8" passed="6" failed="2" error="0" timeout="0" aborted="0" inconclusive="0" passedButRunAborted="0" notRunnable="0" notExecuted="0" disconnected="0" warning="0" completed="0" inProgress="0" pending="0" />
    <Output>
      <StdOut>[xUnit.net 00:00:00.00] xUnit.net VSTest Adapter v3.1.5+1b188a7b0a (64-bit .NET 10.0.8)&#xD;
[xUnit.net 00:00:00.13]   Discovering: Engine.IntegrationTests&#xD;
[xUnit.net 00:00:00.19]   Discovered:  Engine.IntegrationTests&#xD;
[xUnit.net 00:00:00.22]   Starting:    Engine.IntegrationTests&#xD;
[xUnit.net 00:00:30.77]       System.TimeoutException : The operation has timed out.&#xD;
[xUnit.net 00:00:30.77]       Stack Trace:&#xD;
[xUnit.net 00:00:30.77]         D:\Work\Projects\BleedingOnTheEdge\.qwen\tmp\wt-26\core\tests\Engine.IntegrationTests\CloudHandshakeSocketTests.cs(279,0): at Engine.IntegrationTests.CloudHandshakeSocketTests.ABroadcastMessageFromTheCloudIsDisplayed()&#xD;
[xUnit.net 00:00:30.77]         D:\Work\Projects\BleedingOnTheEdge\.qwen\tmp\wt-26\core\tests\Engine.IntegrationTests\CloudHandshakeSocketTests.cs(291,0): at Engine.IntegrationTests.CloudHandshakeSocketTests.ABroadcastMessageFromTheCloudIsDisplayed()&#xD;
[xUnit.net 00:00:30.77]         --- End of stack trace from previous location ---&#xD;
Cloud connector starting.&#xD;
Connecting to ws://127.0.0.1:55788/engine...&#xD;
Connected to ws://127.0.0.1:55788/engine.&#xD;
Authenticating with cloud...&#xD;
Authentication acknowledged.&#xD;
Authenticated. Session ID: f17daa32-8372-45c7-9a13-600a76c04ca7&#xD;
Receive loop ended.&#xD;
Disconnected from cloud.&#xD;
Cloud connector starting.&#xD;
Connecting to ws://127.0.0.1:55790/engine...&#xD;
Connected to ws://127.0.0.1:55790/engine.&#xD;
Authenticating with cloud...&#xD;
Authentication acknowledged.&#xD;
Authenticated. Session ID: 322bc6f5-5dc7-42fe-9e6d-3399e7c0dcc5&#xD;
Receive loop ended.&#xD;
Disconnected from cloud.&#xD;
Cloud connector starting.&#xD;
Connecting to ws://127.0.0.1:55792/engine...&#xD;
Connected to ws://127.0.0.1:55792/engine.&#xD;
Authenticating with cloud...&#xD;
Authenticated. Session ID: 86fb9602-ffe1-4a2a-a88c-cf46d70b0d68&#xD;
Receive loop ended.&#xD;
Connecting to ws://127.0.0.1:55792/engine...&#xD;
Connected to ws://127.0.0.1:55792/engine.&#xD;
Authenticating with cloud...&#xD;
Authenticated. Session ID: 86fb9602-ffe1-4a2a-a88c-cf46d70b0d68&#xD;
Receive loop ended.&#xD;
Connecting to ws://127.0.0.1:55792/engine...&#xD;
Connected to ws://127.0.0.1:55792/engine.&#xD;
Authenticating with cloud...&#xD;
Authenticated. Session ID: 714fab40-b111-4412-99cc-9b883a45f79e&#xD;
Receive loop ended.&#xD;
Connecting to ws://127.0.0.1:55792/engine...&#xD;
Connected to ws://127.0.0.1:55792/engine.&#xD;
Authenticating with cloud...&#xD;
Authenticated. Session ID: 7add20db-2a8a-4d12-8d10-f3ba98005e8e&#xD;
Receive loop ended.&#xD;
Connecting to ws://127.0.0.1:55792/engine...&#xD;
Connected to ws://127.0.0.1:55792/engine.&#xD;
Authenticating with cloud...&#xD;
Authenticated. Session ID: a973494b-4c7c-42e3-be8e-3c10f1e5de51&#xD;
Receive loop ended.&#xD;
Connecting to ws://127.0.0.1:55792/engine...&#xD;
Connected to ws://127.0.0.1:55792/engine.&#xD;
Authenticating with cloud...&#xD;
Authenticated. Session ID: fa03563f-a63d-4626-8c98-dacb388cb61f&#xD;
Receive loop ended.&#xD;
Connecting to ws://127.0.0.1:55792/engine...&#xD;
Connected to ws://127.0.0.1:55792/engine.&#xD;
Authenticating with cloud...&#xD;
Authenticated. Session ID: f3aeddd4-fd92-4d7f-a00b-831430c5f710&#xD;
Receive loop ended.&#xD;
Connecting to ws://127.0.0.1:55792/engine...&#xD;
Connected to ws://127.0.0.1:55792/engine.&#xD;
Authenticating with cloud...&#xD;
Authenticated. Session ID: dde07c14-3c87-490d-999e-0a6d040a3fa3&#xD;
Receive loop ended.&#xD;
Connecting to ws://127.0.0.1:55792/engine...&#xD;
Connected to ws://127.0.0.1:55792/engine.&#xD;
Authenticating with cloud...&#xD;
Authenticated. Session ID: cd810fd2-e83c-4084-a214-f35383dc00b9&#xD;
Receive loop ended.&#xD;
Connecting to ws://127.0.0.1:55792/engine...&#xD;
Connected to ws://127.0.0.1:55792/engine.&#xD;
Authenticating with cloud...&#xD;
Authenticated. Session ID: a5b845b6-1834-40c3-ac15-0d3241970065&#xD;
Receive loop ended.&#xD;
Connecting to ws://127.0.0.1:55792/engine...&#xD;
Connected to ws://127.0.0.1:55792/engine.&#xD;
Authenticating with cloud...&#xD;
Authenticated. Session ID: e5353c36-f3cb-444f-af96-2af2b1abe968&#xD;
Receive loop ended.&#xD;
Connecting to ws://127.0.0.1:55792/engine...&#xD;
Connected to ws://127.0.0.1:55792/engine.&#xD;
Authenticating with cloud...&#xD;
Authenticated. Session ID: ffb4c414-c78c-47e4-a0aa-b81c8b9c4bb1&#xD;
Receive loop ended.&#xD;
Connecting to ws://127.0.0.1:55792/engine...&#xD;
Connected to ws://127.0.0.1:55792/engine.&#xD;
Authenticating with cloud...&#xD;
Authenticated. Session ID: 68eba7e8-eab2-4677-b231-dbca7e2a00df&#xD;
Receive loop ended.&#xD;
Connecting to ws://127.0.0.1:55792/engine...&#xD;
Connected to ws://127.0.0.1:55792/engine.&#xD;
Authenticating with cloud...&#xD;
Authenticated. Session ID: afc88fdf-05b1-4905-b413-e8ad6cd624f8&#xD;
Receive loop ended.&#xD;
Connecting to ws://127.0.0.1:55792/engine...&#xD;
Connected to ws://127.0.0.1:55792/engine.&#xD;
Authenticating with cloud...&#xD;
Authenticated. Session ID: 96407625-44dd-4953-b15e-806f921c6c85&#xD;
Receive loop ended.&#xD;
Connecting to ws://127.0.0.1:55792/engine...&#xD;
Connected to ws://127.0.0.1:55792/engine.&#xD;
Authenticating with cloud...&#xD;
Authenticated. Session ID: 86f5539e-f10f-414e-98a2-1854914be301&#xD;
Receive loop ended.&#xD;
Connecting to ws://127.0.0.1:55792/engine...&#xD;
Connected to ws://127.0.0.1:55792/engine.&#xD;
Authenticating with cloud...&#xD;
Authenticated. Session ID: dd78ad21-2ff5-4f0c-b8a6-b030663743c3&#xD;
Receive loop ended.&#xD;
Connecting to ws://127.0.0.1:55792/engine...&#xD;
Connected to ws://127.0.0.1:55792/engine.&#xD;
Authenticating with cloud...&#xD;
Authenticated. Session ID: ced29f7a-4493-40bc-84ce-3021005f204b&#xD;
Receive loop ended.&#xD;
Connecting to ws://127.0.0.1:55792/engine...&#xD;
Connected to ws://127.0.0.1:55792/engine.&#xD;
Authenticating with cloud...&#xD;
Authenticated. Session ID: 44d39e1b-ad62-4b2e-9040-464d3e171d05&#xD;
Receive loop ended.&#xD;
Connecting to ws://127.0.0.1:55792/engine...&#xD;
Connected to ws://127.0.0.1:55792/engine.&#xD;
Authenticating with cloud...&#xD;
Authenticated. Session ID: a7996fc4-c46c-4af7-bc8e-646650f238f2&#xD;
Receive loop ended.&#xD;
Connecting to ws://127.0.0.1:55792/engine...&#xD;
Connected to ws://127.0.0.1:55792/engine.&#xD;
Authenticating with cloud...&#xD;
Authenticated. Session ID: 855f649b-5fc6-44dd-be9a-10b8fe42d5a1&#xD;
Receive loop ended.&#xD;
Connecting to ws://127.0.0.1:55792/engine...&#xD;
Connected to ws://127.0.0.1:55792/engine.&#xD;
Authenticating with cloud...&#xD;
Authenticated. Session ID: 8b48b276-1eb6-45e8-9f8e-1c01656077b4&#xD;
Receive loop ended.&#xD;
Connecting to ws://127.0.0.1:55792/engine...&#xD;
Connected to ws://127.0.0.1:55792/engine.&#xD;
Authenticating with cloud...&#xD;
Authenticated. Session ID: 697cb37a-9bd5-4a82-ac00-000de0dc3eb5&#xD;
Receive loop ended.&#xD;
Connecting to ws://127.0.0.1:55792/engine...&#xD;
Connected to ws://127.0.0.1:55792/engine.&#xD;
Authenticating with cloud...&#xD;
Authenticated. Session ID: ac041918-6803-40df-8e4e-1022eb48d88b&#xD;
Receive loop ended.&#xD;
Connecting to ws://127.0.0.1:55792/engine...&#xD;
Connected to ws://127.0.0.1:55792/engine.&#xD;
Authenticating with cloud...&#xD;
Authenticated. Session ID: 9ca8412a-9149-41f1-813f-8e1333e6458c&#xD;
Receive loop ended.&#xD;
Connecting to ws://127.0.0.1:55792/engine...&#xD;
Connected to ws://127.0.0.1:55792/engine.&#xD;
Authenticating with cloud...&#xD;
Authenticated. Session ID: a3d943da-b14d-481e-98f7-1695bea5ea83&#xD;
Receive loop ended.&#xD;
Connecting to ws://127.0.0.1:55792/engine...&#xD;
Connected to ws://127.0.0.1:55792/engine.&#xD;
Authenticating with cloud...&#xD;
Authenticated. Session ID: c5da929e-6a05-4ecf-b368-d44ebc19c9c6&#xD;
Receive loop ended.&#xD;
Connecting to ws://127.0.0.1:55792/engine...&#xD;
Connected to ws://127.0.0.1:55792/engine.&#xD;
Authenticating with cloud...&#xD;
Authenticated. Session ID: ecd45dd3-1864-4868-ba49-f0e68dc04114&#xD;
Disconnected from cloud.&#xD;
[xUnit.net 00:01:01.97]       System.TimeoutException : The operation has timed out.&#xD;
[xUnit.net 00:01:01.97]       Stack Trace:&#xD;
[xUnit.net 00:01:01.97]         D:\Work\Projects\BleedingOnTheEdge\.qwen\tmp\wt-26\core\tests\Engine.IntegrationTests\CloudHandshakeSocketTests.cs(170,0): at Engine.IntegrationTests.CloudHandshakeSocketTests.AFailedAuthRevalidationDropsTheSession()&#xD;
[xUnit.net 00:01:01.97]         D:\Work\Projects\BleedingOnTheEdge\.qwen\tmp\wt-26\core\tests\Engine.IntegrationTests\CloudHandshakeSocketTests.cs(184,0): at Engine.IntegrationTests.CloudHandshakeSocketTests.AFailedAuthRevalidationDropsTheSession()&#xD;
[xUnit.net 00:01:01.97]         --- End of stack trace from previous location ---&#xD;
Cloud connector starting.&#xD;
Connecting to ws://127.0.0.1:56434/engine...&#xD;
Connected to ws://127.0.0.1:56434/engine.&#xD;
Authenticating with cloud...&#xD;
Authentication acknowledged.&#xD;
Authenticated. Session ID: 2f3fba3a-2cf9-4e7b-b5aa-f462d35e46f9&#xD;
Disconnected from cloud.&#xD;
Receive loop ended.&#xD;
Cloud connector starting.&#xD;
Connecting to ws://127.0.0.1:56436/engine...&#xD;
Connected to ws://127.0.0.1:56436/engine.&#xD;
Authenticating with cloud...&#xD;
Authentication acknowledged.&#xD;
?? Engine is locked/banned. Stopping user tasks.&#xD;
Authenticated. Session ID: 02f7d0e4-d509-4080-980d-1acf2eaa596f&#xD;
Receive loop ended.&#xD;
Disconnected from cloud.&#xD;
Cloud connector starting.&#xD;
Connecting to ws://127.0.0.1:56438/engine...&#xD;
Connected to ws://127.0.0.1:56438/engine.&#xD;
Authenticating with cloud...&#xD;
Authentication acknowledged.&#xD;
Authenticated. Session ID: de7f6718-26b8-48d9-b018-0c990146e8e0&#xD;
Disconnected from cloud.&#xD;
Receive loop ended.&#xD;
Cloud connector starting.&#xD;
Connecting to ws://127.0.0.1:56440/engine...&#xD;
Connected to ws://127.0.0.1:56440/engine.&#xD;
Authenticating with cloud...&#xD;
Authentication acknowledged.&#xD;
Authenticated. Session ID: d2e87504-4ba7-4081-8ca6-115095d05730&#xD;
Disconnected from cloud.&#xD;
Receive loop ended.&#xD;
[xUnit.net 00:01:03.55]   Finished:    Engine.IntegrationTests&#xD;
</StdOut>
    </Output>
    <RunInfos>
      <RunInfo computerName="DESKTOP-LVISFEN" outcome="Error" timestamp="2026-09-27T21:12:29.2244423+03:30">
        <Text>[xUnit.net 00:00:30.76]     Engine.IntegrationTests.CloudHandshakeSocketTests.ABroadcastMessageFromTheCloudIsDisplayed [FAIL]</Text>
      </RunInfo>
      <RunInfo computerName="DESKTOP-LVISFEN" outcome="Error" timestamp="2026-09-27T21:13:00.4304081+03:30">
        <Text>[xUnit.net 00:01:01.97]     Engine.IntegrationTests.CloudHandshakeSocketTests.AFailedAuthRevalidationDropsTheSession [FAIL]</Text>
      </RunInfo>
    </RunInfos>
  </ResultSummary>
</TestRun>